<html>
<body>
<pre>
<h1>µVision Build Log</h1>
<h2>Tool Versions:</h2>
IDE-Version: £gVision V5.38.0.0
Copyright (C) 2022 ARM Ltd and ARM Germany GmbH. All rights reserved.
License Information: wu hank, ncku, LIC=----
 
Tool Versions:
Toolchain:       MDK-Lite  Version: 5.38.0.0
Toolchain Path:  C:\Keil_v5\ARM\ARMCLANG\Bin
C Compiler:      ArmClang.exe V6.19
Assembler:       Armasm.exe V6.19
Linker/Locator:  ArmLink.exe V6.19
Library Manager: ArmAr.exe V6.19
Hex Converter:   FromElf.exe V6.19
CPU DLL:         SARMCM3.DLL V5.38.0.0
Dialog DLL:      DCM.DLL V1.17.5.0
Target DLL:      STLink\ST-LINKIII-KEIL_SWO.dll V3.1.0.0
Dialog DLL:      TCM.DLL V1.56.4.0
 
<h2>Project:</h2>
D:\CSP_LAB\Project_arm\final_test\0522_tst\1130520_final_controller_ver1\final_controller_ver1\MDK-ARM\final_controller_ver1.uvprojx
Project File Date:  06/28/2024

<h2>Output:</h2>
*** Using Compiler 'V6.19', folder: 'C:\Keil_v5\ARM\ARMCLANG\Bin'
Build target 'final_controller_ver1'
../Core/Src/main.c(173): warning: passing 'volatile ServoXM4340 *' (aka 'volatile struct ServoXM4340 *') to parameter of type 'ServoXM4340 *' (aka 'struct ServoXM4340 *') discards qualifiers [-Wincompatible-pointer-types-discards-qualifiers]
  setServo_TorqueENA(&myServo, TORQUE_DISABLE);
                     ^~~~~~~~
../../../Lib/XM430_STM_Library\my_dynamixel.h(89): note: passing argument to parameter 'servo' here
void setServo_TorqueENA(ServoXM4340 *servo, uint8_t torque);
                                     ^
../Core/Src/main.c(174): warning: passing 'volatile ServoXM4340 *' (aka 'volatile struct ServoXM4340 *') to parameter of type 'ServoXM4340 *' (aka 'struct ServoXM4340 *') discards qualifiers [-Wincompatible-pointer-types-discards-qualifiers]
  setServo_OperatingMode(&myServo, CurrentBased_POS_CtrlMode);
                         ^~~~~~~~
../../../Lib/XM430_STM_Library\my_dynamixel.h(87): note: passing argument to parameter 'servo' here
void setServo_OperatingMode(ServoXM4340 *servo, uint8_t operatingMode);
                                         ^
../Core/Src/main.c(176): warning: passing 'volatile ServoXM4340 *' (aka 'volatile struct ServoXM4340 *') to parameter of type 'ServoXM4340 *' (aka 'struct ServoXM4340 *') discards qualifiers [-Wincompatible-pointer-types-discards-qualifiers]
  myServo.TorqueENA = getServo_TorqueENA(&myServo);
                                         ^~~~~~~~
../../../Lib/XM430_STM_Library\my_dynamixel.h(101): note: passing argument to parameter 'servo' here
uint8_t getServo_TorqueENA(ServoXM4340 *servo);
                                        ^
../Core/Src/main.c(177): warning: passing 'volatile ServoXM4340 *' (aka 'volatile struct ServoXM4340 *') to parameter of type 'ServoXM4340 *' (aka 'struct ServoXM4340 *') discards qualifiers [-Wincompatible-pointer-types-discards-qualifiers]
  myServo.BaudRate = getServo_BaudRate(&myServo);
                                       ^~~~~~~~
../../../Lib/XM430_STM_Library\my_dynamixel.h(97): note: passing argument to parameter 'servo' here
int getServo_BaudRate(ServoXM4340 *servo);
                                   ^
../Core/Src/main.c(178): warning: passing 'volatile ServoXM4340 *' (aka 'volatile struct ServoXM4340 *') to parameter of type 'ServoXM4340 *' (aka 'struct ServoXM4340 *') discards qualifiers [-Wincompatible-pointer-types-discards-qualifiers]
  myServo.OperatingMode = getServo_OperatingMode(&myServo);
                                                 ^~~~~~~~
../../../Lib/XM430_STM_Library\my_dynamixel.h(111): note: passing argument to parameter 'servo' here
uint8_t getServo_OperatingMode(ServoXM4340 *servo);
                                            ^
../Core/Src/main.c(237): warning: passing 'volatile ServoXM4340 *' (aka 'volatile struct ServoXM4340 *') to parameter of type 'ServoXM4340 *' (aka 'struct ServoXM4340 *') discards qualifiers [-Wincompatible-pointer-types-discards-qualifiers]
      setServo_TorqueENA(&myServo, TORQUE_ENABLE);
                         ^~~~~~~~
../../../Lib/XM430_STM_Library\my_dynamixel.h(89): note: passing argument to parameter 'servo' here
void setServo_TorqueENA(ServoXM4340 *servo, uint8_t torque);
                                     ^
../Core/Src/main.c(238): warning: passing 'volatile ServoXM4340 *' (aka 'volatile struct ServoXM4340 *') to parameter of type 'ServoXM4340 *' (aka 'struct ServoXM4340 *') discards qualifiers [-Wincompatible-pointer-types-discards-qualifiers]
      myServo.TorqueENA = getServo_TorqueENA(&myServo);
                                             ^~~~~~~~
../../../Lib/XM430_STM_Library\my_dynamixel.h(101): note: passing argument to parameter 'servo' here
uint8_t getServo_TorqueENA(ServoXM4340 *servo);
                                        ^
../Core/Src/main.c(260): warning: passing 'volatile ServoXM4340 *' (aka 'volatile struct ServoXM4340 *') to parameter of type 'ServoXM4340 *' (aka 'struct ServoXM4340 *') discards qualifiers [-Wincompatible-pointer-types-discards-qualifiers]
    present_current = getServo_PresentCurrent(&myServo);
                                              ^~~~~~~~
../../../Lib/XM430_STM_Library\my_dynamixel.h(103): note: passing argument to parameter 'servo' here
int16_t getServo_PresentCurrent(ServoXM4340 *servo);
                                             ^
../Core/Src/main.c(261): warning: passing 'volatile ServoXM4340 *' (aka 'volatile struct ServoXM4340 *') to parameter of type 'ServoXM4340 *' (aka 'struct ServoXM4340 *') discards qualifiers [-Wincompatible-pointer-types-discards-qualifiers]
    present_position = getServo_PresentPosition(&myServo);
                                                ^~~~~~~~
../../../Lib/XM430_STM_Library\my_dynamixel.h(109): note: passing argument to parameter 'servo' here
int32_t getServo_PresentPosition(ServoXM4340 *servo);
                                              ^
../Core/Src/main.c(509): warning: passing 'volatile ServoXM4340 *' (aka 'volatile struct ServoXM4340 *') to parameter of type 'ServoXM4340 *' (aka 'struct ServoXM4340 *') discards qualifiers [-Wincompatible-pointer-types-discards-qualifiers]
      setServo_GoalPosition(&myServo, goalAngle);
                            ^~~~~~~~
../../../Lib/XM430_STM_Library\my_dynamixel.h(93): note: passing argument to parameter 'servo' here
void setServo_GoalPosition(ServoXM4340 *servo, const float angle);
                                        ^
../Core/Src/main.c(510): warning: passing 'volatile ServoXM4340 *' (aka 'volatile struct ServoXM4340 *') to parameter of type 'ServoXM4340 *' (aka 'struct ServoXM4340 *') discards qualifiers [-Wincompatible-pointer-types-discards-qualifiers]
      setServo_GoalCurrent(&myServo, goalCur);
                           ^~~~~~~~
../../../Lib/XM430_STM_Library\my_dynamixel.h(91): note: passing argument to parameter 'servo' here
void setServo_GoalCurrent(ServoXM4340 *servo, uint16_t current);
                                       ^
../Core/Src/main.c(688): warning: passing 'volatile ServoXM4340 *' (aka 'volatile struct ServoXM4340 *') to parameter of type 'ServoXM4340 *' (aka 'struct ServoXM4340 *') discards qualifiers [-Wincompatible-pointer-types-discards-qualifiers]
    setServoResponse_RxFinished(&myServo, true);
                                ^~~~~~~~
../../../Lib/XM430_STM_Library\my_dynamixel.h(77): note: passing argument to parameter 'servo' here
void setServoResponse_RxFinished(ServoXM4340 *servo, bool val);
                                              ^
12 warnings generated.
compiling main.c...
linking...
Program Size: Code=30786 RO-data=974 RW-data=48 ZI-data=4016  
FromELF: creating hex file...
"final_controller_ver1\final_controller_ver1.axf" - 0 Error(s), 12 Warning(s).

<h2>Software Packages used:</h2>

Package Vendor: ARM
                http://www.keil.com/pack/ARM.CMSIS.5.9.0.pack
                ARM.CMSIS.5.9.0
                CMSIS (Common Microcontroller Software Interface Standard)
   * Component: CORE Version: 5.6.0

Package Vendor: Keil
                https://www.keil.com/pack/Keil.STM32F4xx_DFP.2.17.0.pack
                Keil.STM32F4xx_DFP.2.17.0
                STMicroelectronics STM32F4 Series Device Support, Drivers and Examples

<h2>Collection of Component include folders:</h2>
  ./RTE/_final_controller_ver1
  C:/Users/User/AppData/Local/Arm/Packs/ARM/CMSIS/5.9.0/CMSIS/Core/Include
  C:/Users/User/AppData/Local/Arm/Packs/Keil/STM32F4xx_DFP/2.17.0/Drivers/CMSIS/Device/ST/STM32F4xx/Include

<h2>Collection of Component Files used:</h2>

   * Component: ARM::CMSIS:CORE:5.6.0
Build Time Elapsed:  00:00:01
</pre>
</body>
</html>
