Component: Arm Compiler for Embedded 6.19 Tool: armlink [5e73cb00]

==============================================================================

Section Cross References

    startup_stm32f407xx.o(STACK) refers (Special) to heapauxi.o(.text) for __use_two_region_memory
    startup_stm32f407xx.o(HEAP) refers (Special) to heapauxi.o(.text) for __use_two_region_memory
    startup_stm32f407xx.o(RESET) refers (Special) to heapauxi.o(.text) for __use_two_region_memory
    startup_stm32f407xx.o(RESET) refers to startup_stm32f407xx.o(STACK) for __initial_sp
    startup_stm32f407xx.o(RESET) refers to startup_stm32f407xx.o(.text) for Reset_Handler
    startup_stm32f407xx.o(RESET) refers to stm32f4xx_it.o(.text.NMI_Handler) for NMI_Handler
    startup_stm32f407xx.o(RESET) refers to stm32f4xx_it.o(.text.HardFault_Handler) for HardFault_Handler
    startup_stm32f407xx.o(RESET) refers to stm32f4xx_it.o(.text.MemManage_Handler) for MemManage_Handler
    startup_stm32f407xx.o(RESET) refers to stm32f4xx_it.o(.text.BusFault_Handler) for BusFault_Handler
    startup_stm32f407xx.o(RESET) refers to stm32f4xx_it.o(.text.UsageFault_Handler) for UsageFault_Handler
    startup_stm32f407xx.o(RESET) refers to stm32f4xx_it.o(.text.SVC_Handler) for SVC_Handler
    startup_stm32f407xx.o(RESET) refers to stm32f4xx_it.o(.text.DebugMon_Handler) for DebugMon_Handler
    startup_stm32f407xx.o(RESET) refers to stm32f4xx_it.o(.text.PendSV_Handler) for PendSV_Handler
    startup_stm32f407xx.o(RESET) refers to stm32f4xx_it.o(.text.SysTick_Handler) for SysTick_Handler
    startup_stm32f407xx.o(RESET) refers to stm32f4xx_it.o(.text.DMA1_Stream5_IRQHandler) for DMA1_Stream5_IRQHandler
    startup_stm32f407xx.o(RESET) refers to stm32f4xx_it.o(.text.CAN1_RX0_IRQHandler) for CAN1_RX0_IRQHandler
    startup_stm32f407xx.o(RESET) refers to stm32f4xx_it.o(.text.EXTI15_10_IRQHandler) for EXTI15_10_IRQHandler
    startup_stm32f407xx.o(RESET) refers to stm32f4xx_it.o(.text.OTG_FS_IRQHandler) for OTG_FS_IRQHandler
    startup_stm32f407xx.o(.text) refers (Special) to heapauxi.o(.text) for __use_two_region_memory
    startup_stm32f407xx.o(.text) refers to system_stm32f4xx.o(.text.SystemInit) for SystemInit
    startup_stm32f407xx.o(.text) refers to __main.o(!!!main) for __main
    startup_stm32f407xx.o(.text) refers to startup_stm32f407xx.o(HEAP) for Heap_Mem
    startup_stm32f407xx.o(.text) refers to startup_stm32f407xx.o(STACK) for Stack_Mem
    my_dynamixel.o(.ARM.exidx.text.setServoResponse_RxFinished) refers to my_dynamixel.o(.text.setServoResponse_RxFinished) for [Anonymous Symbol]
    my_dynamixel.o(.text.servo_FactoryReset) refers to stm32f4xx_hal_gpio.o(.text.HAL_GPIO_WritePin) for HAL_GPIO_WritePin
    my_dynamixel.o(.text.servo_FactoryReset) refers to my_dynamixel.o(.rodata.updateCRC.crc_table) for updateCRC.crc_table
    my_dynamixel.o(.text.servo_FactoryReset) refers to stm32f4xx_hal_uart.o(.text.HAL_UART_Transmit) for HAL_UART_Transmit
    my_dynamixel.o(.text.servo_FactoryReset) refers to my_dynamixel.o(.text.disable_all_IT) for disable_all_IT
    my_dynamixel.o(.text.servo_FactoryReset) refers to my_dynamixel.o(.text.enable_all_IT) for enable_all_IT
    my_dynamixel.o(.ARM.exidx.text.servo_FactoryReset) refers to my_dynamixel.o(.text.servo_FactoryReset) for [Anonymous Symbol]
    my_dynamixel.o(.text.sendServoCommand) refers to rt_memcpy_v6.o(.text) for __aeabi_memcpy
    my_dynamixel.o(.text.sendServoCommand) refers to my_dynamixel.o(.rodata.updateCRC.crc_table) for updateCRC.crc_table
    my_dynamixel.o(.text.sendServoCommand) refers to stm32f4xx_hal_uart.o(.text.HAL_UART_Transmit) for HAL_UART_Transmit
    my_dynamixel.o(.text.sendServoCommand) refers to my_dynamixel.o(.text.disable_all_IT) for disable_all_IT
    my_dynamixel.o(.text.sendServoCommand) refers to my_dynamixel.o(.text.enable_all_IT) for enable_all_IT
    my_dynamixel.o(.ARM.exidx.text.sendServoCommand) refers to my_dynamixel.o(.text.sendServoCommand) for [Anonymous Symbol]
    my_dynamixel.o(.text.setServo_BaudRate) refers to my_dynamixel.o(.text.dualTransferServo) for dualTransferServo
    my_dynamixel.o(.ARM.exidx.text.setServo_BaudRate) refers to my_dynamixel.o(.text.setServo_BaudRate) for [Anonymous Symbol]
    my_dynamixel.o(.text.dualTransferServo) refers to my_dynamixel.o(.text.checkServoResponse) for checkServoResponse
    my_dynamixel.o(.text.dualTransferServo) refers to stm32f4xx_hal_gpio.o(.text.HAL_GPIO_WritePin) for HAL_GPIO_WritePin
    my_dynamixel.o(.text.dualTransferServo) refers to my_dynamixel.o(.text.sendServoCommand) for sendServoCommand
    my_dynamixel.o(.text.dualTransferServo) refers to stm32f4xx_hal_uart.o(.text.HAL_UART_Receive_DMA) for HAL_UART_Receive_DMA
    my_dynamixel.o(.text.dualTransferServo) refers to stm32f4xx_hal.o(.text.HAL_GetTick) for HAL_GetTick
    my_dynamixel.o(.ARM.exidx.text.dualTransferServo) refers to my_dynamixel.o(.text.dualTransferServo) for [Anonymous Symbol]
[...]
    __rt_lib_init_argv_1                     0x0800020b   Thumb Code     0  libinit2.o(.ARM.Collect$$libinit$$0000002E)
    __rt_lib_init_atexit_1                   0x0800020b   Thumb Code     0  libinit2.o(.ARM.Collect$$libinit$$0000001D)
    __rt_lib_init_clock_1                    0x0800020b   Thumb Code     0  libinit2.o(.ARM.Collect$$libinit$$00000023)
    __rt_lib_init_cpp_1                      0x0800020b   Thumb Code     0  libinit2.o(.ARM.Collect$$libinit$$00000034)
    __rt_lib_init_exceptions_1               0x0800020b   Thumb Code     0  libinit2.o(.ARM.Collect$$libinit$$00000032)
    __rt_lib_init_fp_trap_1                  0x0800020b   Thumb Code     0  libinit2.o(.ARM.Collect$$libinit$$00000021)
    __rt_lib_init_getenv_1                   0x0800020b   Thumb Code     0  libinit2.o(.ARM.Collect$$libinit$$00000025)
    __rt_lib_init_heap_1                     0x0800020b   Thumb Code     0  libinit2.o(.ARM.Collect$$libinit$$0000000C)
    __rt_lib_init_lc_collate_1               0x0800020b   Thumb Code     0  libinit2.o(.ARM.Collect$$libinit$$00000013)
    __rt_lib_init_lc_ctype_1                 0x0800020b   Thumb Code     0  libinit2.o(.ARM.Collect$$libinit$$00000015)
    __rt_lib_init_lc_monetary_1              0x0800020b   Thumb Code     0  libinit2.o(.ARM.Collect$$libinit$$00000017)
    __rt_lib_init_lc_numeric_1               0x0800020b   Thumb Code     0  libinit2.o(.ARM.Collect$$libinit$$00000019)
    __rt_lib_init_lc_time_1                  0x0800020b   Thumb Code     0  libinit2.o(.ARM.Collect$$libinit$$0000001B)
    __rt_lib_init_rand_1                     0x0800020b   Thumb Code     0  libinit2.o(.ARM.Collect$$libinit$$00000010)
    __rt_lib_init_return                     0x0800020b   Thumb Code     0  libinit2.o(.ARM.Collect$$libinit$$00000035)
    __rt_lib_init_signal_1                   0x0800020b   Thumb Code     0  libinit2.o(.ARM.Collect$$libinit$$0000001F)
    __rt_lib_init_stdio_1                    0x0800020b   Thumb Code     0  libinit2.o(.ARM.Collect$$libinit$$00000027)
    __rt_lib_init_user_alloc_1               0x0800020b   Thumb Code     0  libinit2.o(.ARM.Collect$$libinit$$0000000E)
    __rt_lib_shutdown                        0x0800020d   Thumb Code     0  libshutdown.o(.ARM.Collect$$libshutdown$$00000000)
    __rt_lib_shutdown_cpp_1                  0x0800020f   Thumb Code     0  libshutdown2.o(.ARM.Collect$$libshutdown$$00000002)
    __rt_lib_shutdown_fp_trap_1              0x0800020f   Thumb Code     0  libshutdown2.o(.ARM.Collect$$libshutdown$$00000007)
    __rt_lib_shutdown_heap_1                 0x0800020f   Thumb Code     0  libshutdown2.o(.ARM.Collect$$libshutdown$$0000000F)
    __rt_lib_shutdown_return                 0x0800020f   Thumb Code     0  libshutdown2.o(.ARM.Collect$$libshutdown$$00000010)
    __rt_lib_shutdown_signal_1               0x0800020f   Thumb Code     0  libshutdown2.o(.ARM.Collect$$libshutdown$$0000000A)
    __rt_lib_shutdown_stdio_1                0x0800020f   Thumb Code     0  libshutdown2.o(.ARM.Collect$$libshutdown$$00000004)
    __rt_lib_shutdown_user_alloc_1           0x0800020f   Thumb Code     0  libshutdown2.o(.ARM.Collect$$libshutdown$$0000000C)
    __rt_entry                               0x08000211   Thumb Code     0  __rtentry.o(.ARM.Collect$$rtentry$$00000000)
    __rt_entry_presh_1                       0x08000211   Thumb Code     0  __rtentry2.o(.ARM.Collect$$rtentry$$00000002)
    __rt_entry_sh                            0x08000211   Thumb Code     0  __rtentry4.o(.ARM.Collect$$rtentry$$00000004)
    __rt_entry_li                            0x08000217   Thumb Code     0  __rtentry2.o(.ARM.Collect$$rtentry$$0000000A)
    __rt_entry_postsh_1                      0x08000217   Thumb Code     0  __rtentry2.o(.ARM.Collect$$rtentry$$00000009)
    __rt_entry_main                          0x0800021b   Thumb Code     0  __rtentry2.o(.ARM.Collect$$rtentry$$0000000D)
    __rt_entry_postli_1                      0x0800021b   Thumb Code     0  __rtentry2.o(.ARM.Collect$$rtentry$$0000000C)
    __rt_exit                                0x08000223   Thumb Code     0  rtexit.o(.ARM.Collect$$rtexit$$00000000)
    __rt_exit_ls                             0x08000225   Thumb Code     0  rtexit2.o(.ARM.Collect$$rtexit$$00000003)
    __rt_exit_prels_1                        0x08000225   Thumb Code     0  rtexit2.o(.ARM.Collect$$rtexit$$00000002)
    __rt_exit_exit                           0x08000229   Thumb Code     0  rtexit2.o(.ARM.Collect$$rtexit$$00000004)
    Reset_Handler                            0x08000231   Thumb Code     8  startup_stm32f407xx.o(.text)
    ADC_IRQHandler                           0x0800024b   Thumb Code     0  startup_stm32f407xx.o(.text)
    CAN1_RX1_IRQHandler                      0x0800024b   Thumb Code     0  startup_stm32f407xx.o(.text)
    CAN1_SCE_IRQHandler                      0x0800024b   Thumb Code     0  startup_stm32f407xx.o(.text)
    CAN1_TX_IRQHandler                       0x0800024b   Thumb Code     0  startup_stm32f407xx.o(.text)
    CAN2_RX0_IRQHandler                      0x0800024b   Thumb Code     0  startup_stm32f407xx.o(.text)
    CAN2_RX1_IRQHandler                      0x0800024b   Thumb Code     0  startup_stm32f407xx.o(.text)
    CAN2_SCE_IRQHandler                      0x0800024b   Thumb Code     0  startup_stm32f407xx.o(.text)
    CAN2_TX_IRQHandler                       0x0800024b   Thumb Code     0  startup_stm32f407xx.o(.text)
    DCMI_IRQHandler                          0x0800024b   Thumb Code     0  startup_stm32f407xx.o(.text)
    DMA1_Stream0_IRQHandler                  0x0800024b   Thumb Code     0  startup_stm32f407xx.o(.text)
    DMA1_Stream1_IRQHandler                  0x0800024b   Thumb Code     0  startup_stm32f407xx.o(.text)
    DMA1_Stream2_IRQHandler                  0x0800024b   Thumb Code     0  startup_stm32f407xx.o(.text)
    DMA1_Stream3_IRQHandler                  0x0800024b   Thumb Code     0  startup_stm32f407xx.o(.text)
    DMA1_Stream4_IRQHandler                  0x0800024b   Thumb Code     0  startup_stm32f407xx.o(.text)
    DMA1_Stream6_IRQHandler                  0x0800024b   Thumb Code     0  startup_stm32f407xx.o(.text)
    DMA1_Stream7_IRQHandler                  0x0800024b   Thumb Code     0  startup_stm32f407xx.o(.text)
    DMA2_Stream0_IRQHandler                  0x0800024b   Thumb Code     0  startup_stm32f407xx.o(.text)
    DMA2_Stream1_IRQHandler                  0x0800024b   Thumb Code     0  startup_stm32f407xx.o(.text)
    DMA2_Stream2_IRQHandler                  0x0800024b   Thumb Code     0  startup_stm32f407xx.o(.text)
    DMA2_Stream3_IRQHandler                  0x0800024b   Thumb Code     0  startup_stm32f407xx.o(.text)
    DMA2_Stream4_IRQHandler                  0x0800024b   Thumb Code     0  startup_stm32f407xx.o(.text)
    DMA2_Stream5_IRQHandler                  0x0800024b   Thumb Code     0  startup_stm32f407xx.o(.text)
    DMA2_Stream6_IRQHandler                  0x0800024b   Thumb Code     0  startup_stm32f407xx.o(.text)
    DMA2_Stream7_IRQHandler                  0x0800024b   Thumb Code     0  startup_stm32f407xx.o(.text)
    ETH_IRQHandler                           0x0800024b   Thumb Code     0  startup_stm32f407xx.o(.text)
    ETH_WKUP_IRQHandler                      0x0800024b   Thumb Code     0  startup_stm32f407xx.o(.text)
    EXTI0_IRQHandler                         0x0800024b   Thumb Code     0  startup_stm32f407xx.o(.text)
    EXTI1_IRQHandler                         0x0800024b   Thumb Code     0  startup_stm32f407xx.o(.text)
    EXTI2_IRQHandler                         0x0800024b   Thumb Code     0  startup_stm32f407xx.o(.text)
    EXTI3_IRQHandler                         0x0800024b   Thumb Code     0  startup_stm32f407xx.o(.text)
    EXTI4_IRQHandler                         0x0800024b   Thumb Code     0  startup_stm32f407xx.o(.text)
    EXTI9_5_IRQHandler                       0x0800024b   Thumb Code     0  startup_stm32f407xx.o(.text)
    FLASH_IRQHandler                         0x0800024b   Thumb Code     0  startup_stm32f407xx.o(.text)
    FMC_IRQHandler                           0x0800024b   Thumb Code     0  startup_stm32f407xx.o(.text)
    FPU_IRQHandler                           0x0800024b   Thumb Code     0  startup_stm32f407xx.o(.text)
    HASH_RNG_IRQHandler                      0x0800024b   Thumb Code     0  startup_stm32f407xx.o(.text)
    I2C1_ER_IRQHandler                       0x0800024b   Thumb Code     0  startup_stm32f407xx.o(.text)
    I2C1_EV_IRQHandler                       0x0800024b   Thumb Code     0  startup_stm32f407xx.o(.text)
    I2C2_ER_IRQHandler                       0x0800024b   Thumb Code     0  startup_stm32f407xx.o(.text)
    I2C2_EV_IRQHandler                       0x0800024b   Thumb Code     0  startup_stm32f407xx.o(.text)
    I2C3_ER_IRQHandler                       0x0800024b   Thumb Code     0  startup_stm32f407xx.o(.text)
    I2C3_EV_IRQHandler                       0x0800024b   Thumb Code     0  startup_stm32f407xx.o(.text)
    OTG_FS_WKUP_IRQHandler                   0x0800024b   Thumb Code     0  startup_stm32f407xx.o(.text)
    OTG_HS_EP1_IN_IRQHandler                 0x0800024b   Thumb Code     0  startup_stm32f407xx.o(.text)
    OTG_HS_EP1_OUT_IRQHandler                0x0800024b   Thumb Code     0  startup_stm32f407xx.o(.text)
    OTG_HS_IRQHandler                        0x0800024b   Thumb Code     0  startup_stm32f407xx.o(.text)
    OTG_HS_WKUP_IRQHandler                   0x0800024b   Thumb Code     0  startup_stm32f407xx.o(.text)
    PVD_IRQHandler                           0x0800024b   Thumb Code     0  startup_stm32f407xx.o(.text)
    RCC_IRQHandler                           0x0800024b   Thumb Code     0  startup_stm32f407xx.o(.text)
    RTC_Alarm_IRQHandler                     0x0800024b   Thumb Code     0  startup_stm32f407xx.o(.text)
    RTC_WKUP_IRQHandler                      0x0800024b   Thumb Code     0  startup_stm32f407xx.o(.text)
    SDIO_IRQHandler                          0x0800024b   Thumb Code     0  startup_stm32f407xx.o(.text)
    SPI1_IRQHandler                          0x0800024b   Thumb Code     0  startup_stm32f407xx.o(.text)
    SPI2_IRQHandler                          0x0800024b   Thumb Code     0  startup_stm32f407xx.o(.text)
    SPI3_IRQHandler                          0x0800024b   Thumb Code     0  startup_stm32f407xx.o(.text)
    TAMP_STAMP_IRQHandler                    0x0800024b   Thumb Code     0  startup_stm32f407xx.o(.text)
    TIM1_BRK_TIM9_IRQHandler                 0x0800024b   Thumb Code     0  startup_stm32f407xx.o(.text)
    TIM1_CC_IRQHandler                       0x0800024b   Thumb Code     0  startup_stm32f407xx.o(.text)
    TIM1_TRG_COM_TIM11_IRQHandler            0x0800024b   Thumb Code     0  startup_stm32f407xx.o(.text)
    TIM1_UP_TIM10_IRQHandler                 0x0800024b   Thumb Code     0  startup_stm32f407xx.o(.text)
    TIM2_IRQHandler                          0x0800024b   Thumb Code     0  startup_stm32f407xx.o(.text)
    TIM3_IRQHandler                          0x0800024b   Thumb Code     0  startup_stm32f407xx.o(.text)
    TIM4_IRQHandler                          0x0800024b   Thumb Code     0  startup_stm32f407xx.o(.text)
    TIM5_IRQHandler                          0x0800024b   Thumb Code     0  startup_stm32f407xx.o(.text)
    TIM6_DAC_IRQHandler                      0x0800024b   Thumb Code     0  startup_stm32f407xx.o(.text)
    TIM7_IRQHandler                          0x0800024b   Thumb Code     0  startup_stm32f407xx.o(.text)
    TIM8_BRK_TIM12_IRQHandler                0x0800024b   Thumb Code     0  startup_stm32f407xx.o(.text)
    TIM8_CC_IRQHandler                       0x0800024b   Thumb Code     0  startup_stm32f407xx.o(.text)
    TIM8_TRG_COM_TIM14_IRQHandler            0x0800024b   Thumb Code     0  startup_stm32f407xx.o(.text)
    TIM8_UP_TIM13_IRQHandler                 0x0800024b   Thumb Code     0  startup_stm32f407xx.o(.text)
    UART4_IRQHandler                         0x0800024b   Thumb Code     0  startup_stm32f407xx.o(.text)
    UART5_IRQHandler                         0x0800024b   Thumb Code     0  startup_stm32f407xx.o(.text)
    USART1_IRQHandler                        0x0800024b   Thumb Code     0  startup_stm32f407xx.o(.text)
    USART2_IRQHandler                        0x0800024b   Thumb Code     0  startup_stm32f407xx.o(.text)
    USART3_IRQHandler                        0x0800024b   Thumb Code     0  startup_stm32f407xx.o(.text)
    USART6_IRQHandler                        0x0800024b   Thumb Code     0  startup_stm32f407xx.o(.text)
    WWDG_IRQHandler                          0x0800024b   Thumb Code     0  startup_stm32f407xx.o(.text)
    __user_initial_stackheap                 0x0800024d   Thumb Code     0  startup_stm32f407xx.o(.text)
    calloc                                   0x08000271   Thumb Code    40  calloc.o(.text)
    free                                     0x08000299   Thumb Code    78  h1_free.o(.text)
    __aeabi_uldivmod                         0x080002e7   Thumb Code     0  lludivv7m.o(.text)
    _ll_udiv                                 0x080002e7   Thumb Code   240  lludivv7m.o(.text)
    __aeabi_memcpy                           0x080003d7   Thumb Code     0  rt_memcpy_v6.o(.text)
    __rt_memcpy                              0x080003d7   Thumb Code   138  rt_memcpy_v6.o(.text)
    _memcpy_lastbytes                        0x0800043d   Thumb Code     0  rt_memcpy_v6.o(.text)
    __aeabi_memclr                           0x08000461   Thumb Code     0  rt_memclr.o(.text)
    __rt_memclr                              0x08000461   Thumb Code     0  rt_memclr.o(.text)
    _memset                                  0x08000465   Thumb Code    64  rt_memclr.o(.text)
    __aeabi_memclr4                          0x080004a5   Thumb Code     0  rt_memclr_w.o(.text)
    __aeabi_memclr8                          0x080004a5   Thumb Code     0  rt_memclr_w.o(.text)
    __rt_memclr_w                            0x080004a5   Thumb Code     0  rt_memclr_w.o(.text)
    _memset_w                                0x080004a9   Thumb Code    74  rt_memclr_w.o(.text)
    __use_two_region_memory                  0x080004f3   Thumb Code     2  heapauxi.o(.text)
    __rt_heap_escrow                         0x080004f5   Thumb Code     2  heapauxi.o(.text)
    __rt_heap_expand                         0x080004f7   Thumb Code     2  heapauxi.o(.text)
    __rt_heap_descriptor                     0x080004f9   Thumb Code     8  rt_heap_descriptor_intlibspace.o(.text)
    __use_no_heap                            0x08000501   Thumb Code     2  hguard.o(.text)
    __heap$guard                             0x08000503   Thumb Code     2  hguard.o(.text)
    _terminate_user_alloc                    0x08000505   Thumb Code     2  init_alloc.o(.text)
    _init_user_alloc                         0x08000507   Thumb Code     2  init_alloc.o(.text)
    __Heap_Full                              0x08000509   Thumb Code    34  init_alloc.o(.text)
    __Heap_Broken                            0x0800052b   Thumb Code     6  init_alloc.o(.text)
    _init_alloc                              0x08000531   Thumb Code    94  init_alloc.o(.text)
    malloc                                   0x0800058f   Thumb Code    94  h1_alloc.o(.text)
    __aeabi_memcpy4                          0x080005ed   Thumb Code     0  rt_memcpy_w.o(.text)
    __aeabi_memcpy8                          0x080005ed   Thumb Code     0  rt_memcpy_w.o(.text)
    __rt_memcpy_w                            0x080005ed   Thumb Code   100  rt_memcpy_w.o(.text)
    _memcpy_lastbytes_aligned                0x08000635   Thumb Code     0  rt_memcpy_w.o(.text)
    __user_libspace                          0x08000651   Thumb Code     8  libspace.o(.text)
    __user_perproc_libspace                  0x08000651   Thumb Code     0  libspace.o(.text)
    __user_perthread_libspace                0x08000651   Thumb Code     0  libspace.o(.text)
    __Heap_Initialize                        0x08000659   Thumb Code    10  h1_init.o(.text)
    _maybe_terminate_alloc                   0x08000659   Thumb Code     0  maybetermalloc1.o(.text)
    __Heap_DescSize                          0x08000663   Thumb Code     4  h1_init.o(.text)
    __Heap_ProvideMemory                     0x08000667   Thumb Code    52  h1_extend.o(.text)
    __rt_SIGRTMEM                            0x0800069b   Thumb Code    14  defsig_rtmem_outer.o(.text)
    __user_setup_stackheap                   0x080006a9   Thumb Code    74  sys_stackheap_outer.o(.text)
    exit                                     0x080006f3   Thumb Code    18  exit.o(.text)
    __sig_exit                               0x08000705   Thumb Code    10  defsig_exit.o(.text)
    __rt_SIGRTMEM_inner                      0x08000711   Thumb Code    22  defsig_rtmem_inner.o(.text)
    _sys_exit                                0x08000761   Thumb Code     8  sys_exit.o(.text)
    __I$use$semihosting                      0x0800076d   Thumb Code     0  use_no_semi.o(.text)
    __use_no_semihosting_swi                 0x0800076d   Thumb Code     2  use_no_semi.o(.text)
    __default_signal_display                 0x0800076f   Thumb Code    50  defsig_general.o(.text)
    __semihosting_library_function           0x0800076f   Thumb Code     0  indicate_semi.o(.text)
    _ttywrch                                 0x080007a1   Thumb Code    14  sys_wrch.o(.text)
    BusFault_Handler                         0x080007b1   Thumb Code     2  stm32f4xx_it.o(.text.BusFault_Handler)
    CAN1_FilterInit                          0x080007b5   Thumb Code    52  can.o(.text.CAN1_FilterInit)
    CAN1_RX0_IRQHandler                      0x080007e9   Thumb Code    12  stm32f4xx_it.o(.text.CAN1_RX0_IRQHandler)
    CAN_TxheaderSetup                        0x080007f5   Thumb Code    20  can.o(.text.CAN_TxheaderSetup)
    DMA1_Stream5_IRQHandler                  0x08000809   Thumb Code    12  stm32f4xx_it.o(.text.DMA1_Stream5_IRQHandler)
    DebugMon_Handler                         0x08000815   Thumb Code     2  stm32f4xx_it.o(.text.DebugMon_Handler)
    EXTI15_10_IRQHandler                     0x08000819   Thumb Code     8  stm32f4xx_it.o(.text.EXTI15_10_IRQHandler)
    Error_Handler                            0x08000821   Thumb Code     6  main.o(.text.Error_Handler)
    HAL_CAN_ActivateNotification             0x08000829   Thumb Code    46  stm32f4xx_hal_can.o(.text.HAL_CAN_ActivateNotification)
    HAL_CAN_AddTxMessage                     0x08000859   Thumb Code   168  stm32f4xx_hal_can.o(.text.HAL_CAN_AddTxMessage)
    HAL_CAN_ConfigFilter                     0x08000901   Thumb Code   222  stm32f4xx_hal_can.o(.text.HAL_CAN_ConfigFilter)
    HAL_CAN_ErrorCallback                    0x080009e1   Thumb Code     2  stm32f4xx_hal_can.o(.text.HAL_CAN_ErrorCallback)
    HAL_CAN_GetRxMessage                     0x080009e5   Thumb Code   308  stm32f4xx_hal_can.o(.text.HAL_CAN_GetRxMessage)
    HAL_CAN_IRQHandler                       0x08000b19   Thumb Code   606  stm32f4xx_hal_can.o(.text.HAL_CAN_IRQHandler)
    HAL_CAN_Init                             0x08000d79   Thumb Code   244  stm32f4xx_hal_can.o(.text.HAL_CAN_Init)
    HAL_CAN_MspInit                          0x08000e6d   Thumb Code   120  can.o(.text.HAL_CAN_MspInit)
    HAL_CAN_RxFifo0FullCallback              0x08000ee5   Thumb Code     2  stm32f4xx_hal_can.o(.text.HAL_CAN_RxFifo0FullCallback)
    HAL_CAN_RxFifo0MsgPendingCallback        0x08000ee9   Thumb Code   274  main.o(.text.HAL_CAN_RxFifo0MsgPendingCallback)
    HAL_CAN_RxFifo1FullCallback              0x08000ffd   Thumb Code     2  stm32f4xx_hal_can.o(.text.HAL_CAN_RxFifo1FullCallback)
    HAL_CAN_RxFifo1MsgPendingCallback        0x08001001   Thumb Code     2  stm32f4xx_hal_can.o(.text.HAL_CAN_RxFifo1MsgPendingCallback)
    HAL_CAN_SleepCallback                    0x08001005   Thumb Code     2  stm32f4xx_hal_can.o(.text.HAL_CAN_SleepCallback)
    HAL_CAN_Start                            0x08001009   Thumb Code    90  stm32f4xx_hal_can.o(.text.HAL_CAN_Start)
    HAL_CAN_TxMailbox0AbortCallback          0x08001065   Thumb Code     2  stm32f4xx_hal_can.o(.text.HAL_CAN_TxMailbox0AbortCallback)
    HAL_CAN_TxMailbox0CompleteCallback       0x08001069   Thumb Code     2  stm32f4xx_hal_can.o(.text.HAL_CAN_TxMailbox0CompleteCallback)
    HAL_CAN_TxMailbox1AbortCallback          0x0800106d   Thumb Code     2  stm32f4xx_hal_can.o(.text.HAL_CAN_TxMailbox1AbortCallback)
    HAL_CAN_TxMailbox1CompleteCallback       0x08001071   Thumb Code     2  stm32f4xx_hal_can.o(.text.HAL_CAN_TxMailbox1CompleteCallback)
    HAL_CAN_TxMailbox2AbortCallback          0x08001075   Thumb Code     2  stm32f4xx_hal_can.o(.text.HAL_CAN_TxMailbox2AbortCallback)
    HAL_CAN_TxMailbox2CompleteCallback       0x08001079   Thumb Code     2  stm32f4xx_hal_can.o(.text.HAL_CAN_TxMailbox2CompleteCallback)
    HAL_CAN_WakeUpFromRxMsgCallback          0x0800107d   Thumb Code     2  stm32f4xx_hal_can.o(.text.HAL_CAN_WakeUpFromRxMsgCallback)
    HAL_DMA_IRQHandler                       0x08001081   Thumb Code   448  stm32f4xx_hal_dma.o(.text.HAL_DMA_IRQHandler)
    HAL_DMA_Init                             0x08001241   Thumb Code   354  stm32f4xx_hal_dma.o(.text.HAL_DMA_Init)
    HAL_DMA_Start_IT                         0x080013a5   Thumb Code   158  stm32f4xx_hal_dma.o(.text.HAL_DMA_Start_IT)
    HAL_Delay                                0x08001445   Thumb Code    40  stm32f4xx_hal.o(.text.HAL_Delay)
    HAL_GPIO_EXTI_Callback                   0x0800146d   Thumb Code     2  stm32f4xx_hal_gpio.o(.text.HAL_GPIO_EXTI_Callback)
    HAL_GPIO_EXTI_IRQHandler                 0x08001471   Thumb Code    22  stm32f4xx_hal_gpio.o(.text.HAL_GPIO_EXTI_IRQHandler)
    HAL_GPIO_Init                            0x08001489   Thumb Code   422  stm32f4xx_hal_gpio.o(.text.HAL_GPIO_Init)
    HAL_GPIO_WritePin                        0x08001631   Thumb Code    10  stm32f4xx_hal_gpio.o(.text.HAL_GPIO_WritePin)
    HAL_GetTick                              0x0800163d   Thumb Code    12  stm32f4xx_hal.o(.text.HAL_GetTick)
    HAL_HCD_Connect_Callback                 0x08001649   Thumb Code     8  usbh_conf.o(.text.HAL_HCD_Connect_Callback)
    HAL_HCD_Disconnect_Callback              0x08001651   Thumb Code     8  usbh_conf.o(.text.HAL_HCD_Disconnect_Callback)
    HAL_HCD_GetCurrentFrame                  0x08001659   Thumb Code     6  stm32f4xx_hal_hcd.o(.text.HAL_HCD_GetCurrentFrame)
    HAL_HCD_GetCurrentSpeed                  0x08001661   Thumb Code     6  stm32f4xx_hal_hcd.o(.text.HAL_HCD_GetCurrentSpeed)
    HAL_HCD_HC_GetURBState                   0x08001669   Thumb Code    14  stm32f4xx_hal_hcd.o(.text.HAL_HCD_HC_GetURBState)
    HAL_HCD_HC_GetXferCount                  0x08001679   Thumb Code    12  stm32f4xx_hal_hcd.o(.text.HAL_HCD_HC_GetXferCount)
    HAL_HCD_HC_Halt                          0x08001685   Thumb Code    36  stm32f4xx_hal_hcd.o(.text.HAL_HCD_HC_Halt)
    HAL_HCD_HC_Init                          0x080016a9   Thumb Code   160  stm32f4xx_hal_hcd.o(.text.HAL_HCD_HC_Init)
    HAL_HCD_HC_NotifyURBChange_Callback      0x08001749   Thumb Code     2  usbh_conf.o(.text.HAL_HCD_HC_NotifyURBChange_Callback)
    HAL_HCD_HC_SubmitRequest                 0x0800174d   Thumb Code   168  stm32f4xx_hal_hcd.o(.text.HAL_HCD_HC_SubmitRequest)
    HAL_HCD_IRQHandler                       0x080017f5   Thumb Code  2352  stm32f4xx_hal_hcd.o(.text.HAL_HCD_IRQHandler)
    HAL_HCD_Init                             0x08002125   Thumb Code   148  stm32f4xx_hal_hcd.o(.text.HAL_HCD_Init)
    HAL_HCD_MspInit                          0x080021b9   Thumb Code   152  usbh_conf.o(.text.HAL_HCD_MspInit)
    HAL_HCD_PortDisabled_Callback            0x08002251   Thumb Code     8  usbh_conf.o(.text.HAL_HCD_PortDisabled_Callback)
    HAL_HCD_PortEnabled_Callback             0x08002259   Thumb Code     8  usbh_conf.o(.text.HAL_HCD_PortEnabled_Callback)
    HAL_HCD_ResetPort                        0x08002261   Thumb Code     6  stm32f4xx_hal_hcd.o(.text.HAL_HCD_ResetPort)
    HAL_HCD_SOF_Callback                     0x08002269   Thumb Code     8  usbh_conf.o(.text.HAL_HCD_SOF_Callback)
    HAL_HCD_Start                            0x08002271   Thumb Code    44  stm32f4xx_hal_hcd.o(.text.HAL_HCD_Start)
    HAL_HCD_Stop                             0x0800229d   Thumb Code    36  stm32f4xx_hal_hcd.o(.text.HAL_HCD_Stop)
    HAL_IncTick                              0x080022c1   Thumb Code    26  stm32f4xx_hal.o(.text.HAL_IncTick)
    HAL_Init                                 0x080022dd   Thumb Code    54  stm32f4xx_hal.o(.text.HAL_Init)
    HAL_InitTick                             0x08002315   Thumb Code    72  stm32f4xx_hal.o(.text.HAL_InitTick)
    HAL_MspInit                              0x0800235d   Thumb Code    60  stm32f4xx_hal_msp.o(.text.HAL_MspInit)
    HAL_NVIC_EnableIRQ                       0x08002399   Thumb Code    38  stm32f4xx_hal_cortex.o(.text.HAL_NVIC_EnableIRQ)
    HAL_NVIC_SetPriority                     0x080023c1   Thumb Code    86  stm32f4xx_hal_cortex.o(.text.HAL_NVIC_SetPriority)
    HAL_NVIC_SetPriorityGrouping             0x08002419   Thumb Code    32  stm32f4xx_hal_cortex.o(.text.HAL_NVIC_SetPriorityGrouping)
    HAL_RCC_ClockConfig                      0x08002439   Thumb Code   352  stm32f4xx_hal_rcc.o(.text.HAL_RCC_ClockConfig)
    HAL_RCC_GetPCLK1Freq                     0x08002599   Thumb Code    38  stm32f4xx_hal_rcc.o(.text.HAL_RCC_GetPCLK1Freq)
    HAL_RCC_GetPCLK2Freq                     0x080025c1   Thumb Code    38  stm32f4xx_hal_rcc.o(.text.HAL_RCC_GetPCLK2Freq)
    HAL_RCC_GetSysClockFreq                  0x080025e9   Thumb Code   108  stm32f4xx_hal_rcc.o(.text.HAL_RCC_GetSysClockFreq)
    HAL_RCC_OscConfig                        0x08002655   Thumb Code   884  stm32f4xx_hal_rcc.o(.text.HAL_RCC_OscConfig)
    HAL_SYSTICK_Config                       0x080029c9   Thumb Code    44  stm32f4xx_hal_cortex.o(.text.HAL_SYSTICK_Config)
    HAL_UARTEx_RxEventCallback               0x080029f5   Thumb Code     2  stm32f4xx_hal_uart.o(.text.HAL_UARTEx_RxEventCallback)
    HAL_UART_ErrorCallback                   0x080029f9   Thumb Code     2  stm32f4xx_hal_uart.o(.text.HAL_UART_ErrorCallback)
    HAL_UART_Init                            0x080029fd   Thumb Code    96  stm32f4xx_hal_uart.o(.text.HAL_UART_Init)
    HAL_UART_MspInit                         0x08002a5d   Thumb Code   166  usart.o(.text.HAL_UART_MspInit)
    HAL_UART_Receive_DMA                     0x08002b05   Thumb Code   352  stm32f4xx_hal_uart.o(.text.HAL_UART_Receive_DMA)
    HAL_UART_RxCpltCallback                  0x08002c65   Thumb Code    30  main.o(.text.HAL_UART_RxCpltCallback)
    HAL_UART_RxHalfCpltCallback              0x08002c85   Thumb Code     2  stm32f4xx_hal_uart.o(.text.HAL_UART_RxHalfCpltCallback)
    HAL_UART_Transmit                        0x08002c89   Thumb Code   376  stm32f4xx_hal_uart.o(.text.HAL_UART_Transmit)
    HardFault_Handler                        0x08002e01   Thumb Code     2  stm32f4xx_it.o(.text.HardFault_Handler)
    MX_CAN1_Init                             0x08002e05   Thumb Code    64  can.o(.text.MX_CAN1_Init)
    MX_DMA_Init                              0x08002e45   Thumb Code    56  dma.o(.text.MX_DMA_Init)
    MX_DriverVbusFS                          0x08002e7d   Thumb Code    24  usbh_platform.o(.text.MX_DriverVbusFS)
    MX_GPIO_Init                             0x08002e95   Thumb Code   538  gpio.o(.text.MX_GPIO_Init)
    MX_USART2_UART_Init                      0x080030b1   Thumb Code    64  usart.o(.text.MX_USART2_UART_Init)
    MX_USB_HOST_Init                         0x080030f1   Thumb Code    86  usb_host.o(.text.MX_USB_HOST_Init)
    MX_USB_HOST_Process                      0x08003149   Thumb Code    12  usb_host.o(.text.MX_USB_HOST_Process)
    MemManage_Handler                        0x08003155   Thumb Code     2  stm32f4xx_it.o(.text.MemManage_Handler)
    NMI_Handler                              0x08003159   Thumb Code     2  stm32f4xx_it.o(.text.NMI_Handler)
    OTG_FS_IRQHandler                        0x0800315d   Thumb Code    12  stm32f4xx_it.o(.text.OTG_FS_IRQHandler)
    PendSV_Handler                           0x08003169   Thumb Code     2  stm32f4xx_it.o(.text.PendSV_Handler)
    SVC_Handler                              0x0800316d   Thumb Code     2  stm32f4xx_it.o(.text.SVC_Handler)
    SysTick_Handler                          0x08003171   Thumb Code     4  stm32f4xx_it.o(.text.SysTick_Handler)
    SystemClock_Config                       0x08003175   Thumb Code   172  main.o(.text.SystemClock_Config)
    SystemInit                               0x08003221   Thumb Code    18  system_stm32f4xx.o(.text.SystemInit)
    USBH_AllocPipe                           0x08003619   Thumb Code   210  usbh_pipes.o(.text.USBH_AllocPipe)
    USBH_BulkReceiveData                     0x080036ed   Thumb Code    40  usbh_ioreq.o(.text.USBH_BulkReceiveData)
    USBH_BulkSendData                        0x08003715   Thumb Code    50  usbh_ioreq.o(.text.USBH_BulkSendData)
    USBH_CDC_LineCodingChanged               0x0800394d   Thumb Code     2  usbh_cdc.o(.text.USBH_CDC_LineCodingChanged)
    USBH_CDC_ReceiveCallback                 0x08003afd   Thumb Code     2  usbh_cdc.o(.text.USBH_CDC_ReceiveCallback)
    USBH_CDC_TransmitCallback                0x08003b05   Thumb Code     2  usbh_cdc.o(.text.USBH_CDC_TransmitCallback)
    USBH_ClosePipe                           0x08003b09   Thumb Code    10  usbh_pipes.o(.text.USBH_ClosePipe)
    USBH_ClrFeature                          0x08003b15   Thumb Code    26  usbh_ctlreq.o(.text.USBH_ClrFeature)
    USBH_CtlReceiveData                      0x08003b31   Thumb Code    40  usbh_ioreq.o(.text.USBH_CtlReceiveData)
    USBH_CtlReq                              0x08003b59   Thumb Code   504  usbh_ctlreq.o(.text.USBH_CtlReq)
    USBH_CtlSendData                         0x08003d51   Thumb Code    50  usbh_ioreq.o(.text.USBH_CtlSendData)
    USBH_CtlSendSetup                        0x08003d85   Thumb Code    36  usbh_ioreq.o(.text.USBH_CtlSendSetup)
    USBH_Delay                               0x08003da9   Thumb Code     4  usbh_conf.o(.text.USBH_Delay)
    USBH_FindInterface                       0x08003dad   Thumb Code   274  usbh_core.o(.text.USBH_FindInterface)
    USBH_FreePipe                            0x08003ec1   Thumb Code    24  usbh_pipes.o(.text.USBH_FreePipe)
    USBH_Get_CfgDesc                         0x08003ed9   Thumb Code   650  usbh_ctlreq.o(.text.USBH_Get_CfgDesc)
    USBH_Get_DevDesc                         0x08004165   Thumb Code   186  usbh_ctlreq.o(.text.USBH_Get_DevDesc)
    USBH_Get_StringDesc                      0x08004221   Thumb Code   184  usbh_ctlreq.o(.text.USBH_Get_StringDesc)
    USBH_Init                                0x080042d9   Thumb Code   118  usbh_core.o(.text.USBH_Init)
    USBH_LL_ClosePipe                        0x08004351   Thumb Code    34  usbh_conf.o(.text.USBH_LL_ClosePipe)
    USBH_LL_Connect                          0x08004375   Thumb Code    22  usbh_core.o(.text.USBH_LL_Connect)
    USBH_LL_Disconnect                       0x0800438d   Thumb Code    46  usbh_core.o(.text.USBH_LL_Disconnect)
    USBH_LL_DriverVBUS                       0x080043bd   Thumb Code    26  usbh_conf.o(.text.USBH_LL_DriverVBUS)
    USBH_LL_GetLastXferSize                  0x080043d9   Thumb Code     8  usbh_conf.o(.text.USBH_LL_GetLastXferSize)
    USBH_LL_GetSpeed                         0x080043e1   Thumb Code    20  usbh_conf.o(.text.USBH_LL_GetSpeed)
    USBH_LL_GetURBState                      0x080043f5   Thumb Code     8  usbh_conf.o(.text.USBH_LL_GetURBState)
    USBH_LL_IncTimer                         0x080043fd   Thumb Code    30  usbh_core.o(.text.USBH_LL_IncTimer)
    USBH_LL_Init                             0x0800441d   Thumb Code    86  usbh_conf.o(.text.USBH_LL_Init)
    USBH_LL_OpenPipe                         0x08004475   Thumb Code    50  usbh_conf.o(.text.USBH_LL_OpenPipe)
    USBH_LL_PortDisabled                     0x080044a9   Thumb Code     8  usbh_core.o(.text.USBH_LL_PortDisabled)
    USBH_LL_PortEnabled                      0x080044b1   Thumb Code     8  usbh_core.o(.text.USBH_LL_PortEnabled)
    USBH_LL_ResetPort                        0x080044b9   Thumb Code    34  usbh_conf.o(.text.USBH_LL_ResetPort)
    USBH_LL_SetTimer                         0x080044dd   Thumb Code     6  usbh_core.o(.text.USBH_LL_SetTimer)
    USBH_LL_SetToggle                        0x080044e5   Thumb Code    30  usbh_conf.o(.text.USBH_LL_SetToggle)
    USBH_LL_Start                            0x08004505   Thumb Code    34  usbh_conf.o(.text.USBH_LL_Start)
    USBH_LL_Stop                             0x08004529   Thumb Code    34  usbh_conf.o(.text.USBH_LL_Stop)
    USBH_LL_SubmitURB                        0x0800454d   Thumb Code    54  usbh_conf.o(.text.USBH_LL_SubmitURB)
    USBH_OpenPipe                            0x08004585   Thumb Code    26  usbh_pipes.o(.text.USBH_OpenPipe)
    USBH_Process                             0x080045a1   Thumb Code  1220  usbh_core.o(.text.USBH_Process)
    USBH_RegisterClass                       0x08004a65   Thumb Code    26  usbh_core.o(.text.USBH_RegisterClass)
    USBH_SelectInterface                     0x08004a81   Thumb Code    18  usbh_core.o(.text.USBH_SelectInterface)
    USBH_SetAddress                          0x08004a95   Thumb Code    26  usbh_ctlreq.o(.text.USBH_SetAddress)
    USBH_SetCfg                              0x08004ab1   Thumb Code    26  usbh_ctlreq.o(.text.USBH_SetCfg)
    USBH_SetFeature                          0x08004acd   Thumb Code    26  usbh_ctlreq.o(.text.USBH_SetFeature)
    USBH_Start                               0x08004ae9   Thumb Code    20  usbh_core.o(.text.USBH_Start)
    USB_CoreInit                             0x08004b39   Thumb Code   530  stm32f4xx_ll_usb.o(.text.USB_CoreInit)
    USB_DisableGlobalInt                     0x08004d4d   Thumb Code    14  stm32f4xx_ll_usb.o(.text.USB_DisableGlobalInt)
    USB_DriveVbus                            0x08004d5d   Thumb Code    76  stm32f4xx_ll_usb.o(.text.USB_DriveVbus)
    USB_EnableGlobalInt                      0x08004da9   Thumb Code    14  stm32f4xx_ll_usb.o(.text.USB_EnableGlobalInt)
    USB_FlushRxFifo                          0x08004db9   Thumb Code   190  stm32f4xx_ll_usb.o(.text.USB_FlushRxFifo)
    USB_FlushTxFifo                          0x08004e79   Thumb Code   190  stm32f4xx_ll_usb.o(.text.USB_FlushTxFifo)
    USB_GetCurrentFrame                      0x08004f39   Thumb Code     8  stm32f4xx_ll_usb.o(.text.USB_GetCurrentFrame)
    USB_GetHostSpeed                         0x08004f41   Thumb Code    22  stm32f4xx_ll_usb.o(.text.USB_GetHostSpeed)
    USB_GetMode                              0x08004f59   Thumb Code     8  stm32f4xx_ll_usb.o(.text.USB_GetMode)
    USB_HC_Halt                              0x08004f61   Thumb Code   338  stm32f4xx_ll_usb.o(.text.USB_HC_Halt)
    USB_HC_Init                              0x080050b5   Thumb Code   290  stm32f4xx_ll_usb.o(.text.USB_HC_Init)
    USB_HC_ReadInterrupt                     0x080051d9   Thumb Code     8  stm32f4xx_ll_usb.o(.text.USB_HC_ReadInterrupt)
    USB_HC_StartXfer                         0x080051e1   Thumb Code   744  stm32f4xx_ll_usb.o(.text.USB_HC_StartXfer)
    USB_HostInit                             0x080054d9   Thumb Code   732  stm32f4xx_ll_usb.o(.text.USB_HostInit)
    USB_InitFSLSPClkSel                      0x080057b5   Thumb Code    64  stm32f4xx_ll_usb.o(.text.USB_InitFSLSPClkSel)
    USB_ReadChInterrupts                     0x080057f5   Thumb Code    16  stm32f4xx_ll_usb.o(.text.USB_ReadChInterrupts)
    USB_ReadInterrupts                       0x08005805   Thumb Code     8  stm32f4xx_ll_usb.o(.text.USB_ReadInterrupts)
    USB_ReadPacket                           0x0800580d   Thumb Code   170  stm32f4xx_ll_usb.o(.text.USB_ReadPacket)
    USB_ResetPort                            0x080058b9   Thumb Code    62  stm32f4xx_ll_usb.o(.text.USB_ResetPort)
    USB_SetCurrentMode                       0x080058f9   Thumb Code   872  stm32f4xx_ll_usb.o(.text.USB_SetCurrentMode)
    USB_StopHost                             0x08005c61   Thumb Code  2360  stm32f4xx_ll_usb.o(.text.USB_StopHost)
    UsageFault_Handler                       0x08006599   Thumb Code     2  stm32f4xx_it.o(.text.UsageFault_Handler)
    checkServoResponse                       0x0800659d   Thumb Code   454  my_dynamixel.o(.text.checkServoResponse)
    disable_all_IT                           0x08006765   Thumb Code     2  my_dynamixel.o(.text.disable_all_IT)
    dualTransferServo                        0x08006769   Thumb Code   226  my_dynamixel.o(.text.dualTransferServo)
    enable_all_IT                            0x0800684d   Thumb Code     2  my_dynamixel.o(.text.enable_all_IT)
    getServo_BaudRate                        0x08006851   Thumb Code    60  my_dynamixel.o(.text.getServo_BaudRate)
    getServo_OperatingMode                   0x0800689d   Thumb Code    42  my_dynamixel.o(.text.getServo_OperatingMode)
    getServo_PresentCurrent                  0x080068c9   Thumb Code    52  my_dynamixel.o(.text.getServo_PresentCurrent)
    getServo_PresentPosition                 0x080068fd   Thumb Code    66  my_dynamixel.o(.text.getServo_PresentPosition)
    getServo_TorqueENA                       0x08006941   Thumb Code    42  my_dynamixel.o(.text.getServo_TorqueENA)
    main                                     0x08006971   Thumb Code  1528  main.o(.text.main)
    sendServoCommand                         0x08006f69   Thumb Code   294  my_dynamixel.o(.text.sendServoCommand)
    setServoResponse_RxFinished              0x08007091   Thumb Code     6  my_dynamixel.o(.text.setServoResponse_RxFinished)
    setServo_GoalCurrent                     0x08007099   Thumb Code    40  my_dynamixel.o(.text.setServo_GoalCurrent)
    setServo_GoalPosition                    0x080070c1   Thumb Code    84  my_dynamixel.o(.text.setServo_GoalPosition)
    setServo_OperatingMode                   0x08007115   Thumb Code    38  my_dynamixel.o(.text.setServo_OperatingMode)
    setServo_TorqueENA                       0x0800713d   Thumb Code    38  my_dynamixel.o(.text.setServo_TorqueENA)
    __aeabi_d2f                              0x08007165   Thumb Code     0  d2f.o(x$fpl$d2f)
    _d2f                                     0x08007165   Thumb Code    98  d2f.o(x$fpl$d2f)
    __aeabi_dadd                             0x080071c9   Thumb Code     0  daddsub_clz.o(x$fpl$dadd)
    _dadd                                    0x080071c9   Thumb Code   332  daddsub_clz.o(x$fpl$dadd)
    __fpl_dcmp_Inf                           0x08007319   Thumb Code    24  dcmpi.o(x$fpl$dcmpinf)
    __aeabi_cdcmpeq                          0x08007331   Thumb Code     0  deqf.o(x$fpl$deqf)
    _dcmpeq                                  0x08007331   Thumb Code   120  deqf.o(x$fpl$deqf)
    __aeabi_cdcmpge                          0x080073a9   Thumb Code     0  dgeqf.o(x$fpl$dgeqf)
    _dcmpge                                  0x080073a9   Thumb Code   120  dgeqf.o(x$fpl$dgeqf)
    __aeabi_cdcmple                          0x08007421   Thumb Code     0  dleqf.o(x$fpl$dleqf)
    _dcmple                                  0x08007421   Thumb Code   120  dleqf.o(x$fpl$dleqf)
    __fpl_dcmple_InfNaN                      0x08007483   Thumb Code     0  dleqf.o(x$fpl$dleqf)
    __aeabi_dmul                             0x08007499   Thumb Code     0  dmul.o(x$fpl$dmul)
    _dmul                                    0x08007499   Thumb Code   332  dmul.o(x$fpl$dmul)
    __fpl_dnaninf                            0x080075ed   Thumb Code   156  dnaninf.o(x$fpl$dnaninf)
    __fpl_dretinf                            0x08007689   Thumb Code    12  dretinf.o(x$fpl$dretinf)
    __aeabi_dsub                             0x08007695   Thumb Code     0  daddsub_clz.o(x$fpl$dsub)
    _dsub                                    0x08007695   Thumb Code   472  daddsub_clz.o(x$fpl$dsub)
    __aeabi_f2d                              0x08007871   Thumb Code     0  f2d.o(x$fpl$f2d)
    _f2d                                     0x08007871   Thumb Code    86  f2d.o(x$fpl$f2d)
    __aeabi_dcmpeq                           0x080078c7   Thumb Code     0  dcmp.o(x$fpl$fcmp)
    _deq                                     0x080078c7   Thumb Code    14  dcmp.o(x$fpl$fcmp)
    _dneq                                    0x080078d5   Thumb Code    14  dcmp.o(x$fpl$fcmp)
    __aeabi_dcmpgt                           0x080078e3   Thumb Code     0  dcmp.o(x$fpl$fcmp)
    _dgr                                     0x080078e3   Thumb Code    14  dcmp.o(x$fpl$fcmp)
    __aeabi_dcmpge                           0x080078f1   Thumb Code     0  dcmp.o(x$fpl$fcmp)
    _dgeq                                    0x080078f1   Thumb Code    14  dcmp.o(x$fpl$fcmp)
    __aeabi_dcmple                           0x080078ff   Thumb Code     0  dcmp.o(x$fpl$fcmp)
    _dleq                                    0x080078ff   Thumb Code    14  dcmp.o(x$fpl$fcmp)
    __aeabi_dcmplt                           0x0800790d   Thumb Code     0  dcmp.o(x$fpl$fcmp)
    _dls                                     0x0800790d   Thumb Code    14  dcmp.o(x$fpl$fcmp)
    __fpl_fnaninf                            0x0800791b   Thumb Code   140  fnaninf.o(x$fpl$fnaninf)
    _fp_init                                 0x080079a7   Thumb Code    26  fpinit.o(x$fpl$fpinit)
    __fplib_config_fpu_vfp                   0x080079bf   Thumb Code     0  fpinit.o(x$fpl$fpinit)
    __fplib_config_pureend_doubles           0x080079bf   Thumb Code     0  fpinit.o(x$fpl$fpinit)
    __fpl_fretinf                            0x080079c1   Thumb Code    10  fretinf.o(x$fpl$fretinf)
    AHBPrescTable                            0x080079ca   Data          16  system_stm32f4xx.o(.rodata.AHBPrescTable)
    __I$use$fp                               0x080079ca   Number         0  usenofp.o(x$fpl$usenofp)
    APBPrescTable                            0x080079da   Data           8  system_stm32f4xx.o(.rodata.APBPrescTable)
    Region$$Table$$Base                      0x08007bf0   Number         0  anon$$obj.o(Region$$Table)
    Region$$Table$$Limit                     0x08007c10   Number         0  anon$$obj.o(Region$$Table)
    uwTickFreq                               0x20000000   Data           1  stm32f4xx_hal.o(.data..L_MergedGlobals)
    uwTickPrio                               0x20000004   Data           4  stm32f4xx_hal.o(.data..L_MergedGlobals)
    CDC_Class                                0x20000008   Data          32  usbh_cdc.o(.data.CDC_Class)
    SystemCoreClock                          0x20000028   Data           4  system_stm32f4xx.o(.data.SystemCoreClock)
    goalCur                                  0x2000002c   Data           2  main.o(.data.goalCur)
    __libspace_start                         0x20000030   Data          96  libspace.o(.bss)
    __temporary_stack_top$libspace           0x20000090   Data           0  libspace.o(.bss)
    canIndex                                 0x20000090   Data           2  main.o(.bss..L_MergedGlobals)
    flag                                     0x20000094   Data           4  main.o(.bss..L_MergedGlobals)
    recordFlag                               0x20000098   Data           4  main.o(.bss..L_MergedGlobals)
    TxMailbox                                0x2000009c   Data           4  main.o(.bss..L_MergedGlobals)
    present_current                          0x200000a0   Data           4  main.o(.bss..L_MergedGlobals)
    last_current                             0x200000a4   Data           4  main.o(.bss..L_MergedGlobals)
    present_position                         0x200000a8   Data           4  main.o(.bss..L_MergedGlobals)
    present_angle                            0x200000ac   Data           4  main.o(.bss..L_MergedGlobals)
    goalForce                                0x200000b0   Data           4  main.o(.bss..L_MergedGlobals)
    gripperState                             0x200000b4   Data           4  main.o(.bss..L_MergedGlobals)
    torqueState                              0x200000b8   Data           4  main.o(.bss..L_MergedGlobals)
    initialCheck                             0x200000bc   Data           4  main.o(.bss..L_MergedGlobals)
    connectCheck                             0x200000c0   Data           4  main.o(.bss..L_MergedGlobals)
    initFailedCount                          0x200000c4   Data           4  main.o(.bss..L_MergedGlobals)
    startCheckCur                            0x200000c8   Data           4  main.o(.bss..L_MergedGlobals)
    startCheckPos                            0x200000cc   Data           4  main.o(.bss..L_MergedGlobals)
    startTick                                0x200000d0   Data           4  main.o(.bss..L_MergedGlobals)
    delay_ms                                 0x200000d4   Data           4  main.o(.bss..L_MergedGlobals)
    goalAngle                                0x200000d8   Data           4  main.o(.bss..L_MergedGlobals)
    TxData                                   0x200000dc   Data           8  main.o(.bss..L_MergedGlobals)
    RxData                                   0x200000e4   Data           8  main.o(.bss..L_MergedGlobals)
    TxHeader                                 0x200000ec   Data          24  main.o(.bss..L_MergedGlobals)
    Appli_state                              0x20000104   Data           1  usb_host.o(.bss.Appli_state)
    hUsbHostFS                               0x20000108   Data         984  usb_host.o(.bss.hUsbHostFS)
    hcan1                                    0x200004e0   Data          40  can.o(.bss.hcan1)
    hdma_usart2_rx                           0x20000508   Data          96  usart.o(.bss.hdma_usart2_rx)
    hhcd_USB_OTG_FS                          0x20000568   Data         992  usbh_conf.o(.bss.hhcd_USB_OTG_FS)
    huart2                                   0x20000948   Data          72  usart.o(.bss.huart2)
    myServo                                  0x20000990   Data          72  main.o(.bss.myServo)
    uwTick                                   0x200009d8   Data           4  stm32f4xx_hal.o(.bss.uwTick)



==============================================================================

Memory Map of the image

  Image Entry point : 0x08000189

  Load Region LR_IROM1 (Base: 0x08000000, Size: 0x00007c40, Max: 0x00100000, ABSOLUTE)

    Execution Region ER_IROM1 (Exec base: 0x08000000, Load base: 0x08000000, Size: 0x00007c10, Max: 0x00100000, ABSOLUTE)

    Exec Addr    Load Addr    Size         Type   Attr      Idx    E Section Name        Object

    0x08000000   0x08000000   0x00000188   Data   RO            3    RESET               startup_stm32f407xx.o
    0x08000188   0x08000188   0x00000008   Code   RO         1264  * !!!main             c_w.l(__main.o)
    0x08000190   0x08000190   0x00000034   Code   RO         1520    !!!scatter          c_w.l(__scatter.o)
    0x080001c4   0x080001c4   0x0000001a   Code   RO         1522    !!handler_copy      c_w.l(__scatter_copy.o)
    0x080001de   0x080001de   0x00000002   PAD
    0x080001e0   0x080001e0   0x0000001c   Code   RO         1524    !!handler_zi        c_w.l(__scatter_zi.o)
    0x080001fc   0x080001fc   0x00000002   Code   RO         1446    .ARM.Collect$$libinit$$00000000  c_w.l(libinit.o)
    0x080001fe   0x080001fe   0x00000004   Code   RO         1368    .ARM.Collect$$libinit$$00000001  c_w.l(libinit2.o)
    0x08000202   0x08000202   0x00000000   Code   RO         1371    .ARM.Collect$$libinit$$00000004  c_w.l(libinit2.o)
    0x08000202   0x08000202   0x00000000   Code   RO         1373    .ARM.Collect$$libinit$$00000006  c_w.l(libinit2.o)
    0x08000202   0x08000202   0x00000008   Code   RO         1374    .ARM.Collect$$libinit$$00000007  c_w.l(libinit2.o)
    0x0800020a   0x0800020a   0x00000000   Code   RO         1376    .ARM.Collect$$libinit$$0000000C  c_w.l(libinit2.o)
    0x0800020a   0x0800020a   0x00000000   Code   RO         1378    .ARM.Collect$$libinit$$0000000E  c_w.l(libinit2.o)
    0x0800020a   0x0800020a   0x00000000   Code   RO         1380    .ARM.Collect$$libinit$$00000010  c_w.l(libinit2.o)
    0x0800020a   0x0800020a   0x00000000   Code   RO         1383    .ARM.Collect$$libinit$$00000013  c_w.l(libinit2.o)
    0x0800020a   0x0800020a   0x00000000   Code   RO         1385    .ARM.Collect$$libinit$$00000015  c_w.l(libinit2.o)
    0x0800020a   0x0800020a   0x00000000   Code   RO         1387    .ARM.Collect$$libinit$$00000017  c_w.l(libinit2.o)
    0x0800020a   0x0800020a   0x00000000   Code   RO         1389    .ARM.Collect$$libinit$$00000019  c_w.l(libinit2.o)
    0x0800020a   0x0800020a   0x00000000   Code   RO         1391    .ARM.Collect$$libinit$$0000001B  c_w.l(libinit2.o)
    0x0800020a   0x0800020a   0x00000000   Code   RO         1393    .ARM.Collect$$libinit$$0000001D  c_w.l(libinit2.o)
    0x0800020a   0x0800020a   0x00000000   Code   RO         1395    .ARM.Collect$$libinit$$0000001F  c_w.l(libinit2.o)
    0x0800020a   0x0800020a   0x00000000   Code   RO         1397    .ARM.Collect$$libinit$$00000021  c_w.l(libinit2.o)
    0x0800020a   0x0800020a   0x00000000   Code   RO         1399    .ARM.Collect$$libinit$$00000023  c_w.l(libinit2.o)
    0x0800020a   0x0800020a   0x00000000   Code   RO         1401    .ARM.Collect$$libinit$$00000025  c_w.l(libinit2.o)
    0x0800020a   0x0800020a   0x00000000   Code   RO         1403    .ARM.Collect$$libinit$$00000027  c_w.l(libinit2.o)
    0x0800020a   0x0800020a   0x00000000   Code   RO         1407    .ARM.Collect$$libinit$$0000002E  c_w.l(libinit2.o)
    0x0800020a   0x0800020a   0x00000000   Code   RO         1409    .ARM.Collect$$libinit$$00000030  c_w.l(libinit2.o)
    0x0800020a   0x0800020a   0x00000000   Code   RO         1411    .ARM.Collect$$libinit$$00000032  c_w.l(libinit2.o)
    0x0800020a   0x0800020a   0x00000000   Code   RO         1413    .ARM.Collect$$libinit$$00000034  c_w.l(libinit2.o)
    0x0800020a   0x0800020a   0x00000002   Code   RO         1414    .ARM.Collect$$libinit$$00000035  c_w.l(libinit2.o)
    0x0800020c   0x0800020c   0x00000002   Code   RO         1517    .ARM.Collect$$libshutdown$$00000000  c_w.l(libshutdown.o)
    0x0800020e   0x0800020e   0x00000000   Code   RO         1473    .ARM.Collect$$libshutdown$$00000002  c_w.l(libshutdown2.o)
    0x0800020e   0x0800020e   0x00000000   Code   RO         1475    .ARM.Collect$$libshutdown$$00000004  c_w.l(libshutdown2.o)
    0x0800020e   0x0800020e   0x00000000   Code   RO         1478    .ARM.Collect$$libshutdown$$00000007  c_w.l(libshutdown2.o)
    0x0800020e   0x0800020e   0x00000000   Code   RO         1481    .ARM.Collect$$libshutdown$$0000000A  c_w.l(libshutdown2.o)
    0x0800020e   0x0800020e   0x00000000   Code   RO         1483    .ARM.Collect$$libshutdown$$0000000C  c_w.l(libshutdown2.o)
    0x0800020e   0x0800020e   0x00000000   Code   RO         1486    .ARM.Collect$$libshutdown$$0000000F  c_w.l(libshutdown2.o)
    0x0800020e   0x0800020e   0x00000002   Code   RO         1487    .ARM.Collect$$libshutdown$$00000010  c_w.l(libshutdown2.o)
    0x08000210   0x08000210   0x00000000   Code   RO         1282    .ARM.Collect$$rtentry$$00000000  c_w.l(__rtentry.o)
    0x08000210   0x08000210   0x00000000   Code   RO         1333    .ARM.Collect$$rtentry$$00000002  c_w.l(__rtentry2.o)
    0x08000210   0x08000210   0x00000006   Code   RO         1345    .ARM.Collect$$rtentry$$00000004  c_w.l(__rtentry4.o)
    0x08000216   0x08000216   0x00000000   Code   RO         1335    .ARM.Collect$$rtentry$$00000009  c_w.l(__rtentry2.o)
    0x08000216   0x08000216   0x00000004   Code   RO         1336    .ARM.Collect$$rtentry$$0000000A  c_w.l(__rtentry2.o)
    0x0800021a   0x0800021a   0x00000000   Code   RO         1338    .ARM.Collect$$rtentry$$0000000C  c_w.l(__rtentry2.o)
    0x0800021a   0x0800021a   0x00000008   Code   RO         1339    .ARM.Collect$$rtentry$$0000000D  c_w.l(__rtentry2.o)
    0x08000222   0x08000222   0x00000002   Code   RO         1456    .ARM.Collect$$rtexit$$00000000  c_w.l(rtexit.o)
    0x08000224   0x08000224   0x00000000   Code   RO         1493    .ARM.Collect$$rtexit$$00000002  c_w.l(rtexit2.o)
    0x08000224   0x08000224   0x00000004   Code   RO         1494    .ARM.Collect$$rtexit$$00000003  c_w.l(rtexit2.o)
    0x08000228   0x08000228   0x00000006   Code   RO         1495    .ARM.Collect$$rtexit$$00000004  c_w.l(rtexit2.o)
    0x0800022e   0x0800022e   0x00000002   PAD
    0x08000230   0x08000230   0x00000040   Code   RO            4    .text               startup_stm32f407xx.o
    0x08000270   0x08000270   0x00000028   Code   RO         1198    .text               c_w.l(calloc.o)
    0x08000298   0x08000298   0x0000004e   Code   RO         1200    .text               c_w.l(h1_free.o)
    0x080002e6   0x080002e6   0x000000f0   Code   RO         1254    .text               c_w.l(lludivv7m.o)
    0x080003d6   0x080003d6   0x0000008a   Code   RO         1256    .text               c_w.l(rt_memcpy_v6.o)
    0x08000460   0x08000460   0x00000044   Code   RO         1258    .text               c_w.l(rt_memclr.o)
    0x080004a4   0x080004a4   0x0000004e   Code   RO         1260    .text               c_w.l(rt_memclr_w.o)
    0x080004f2   0x080004f2   0x00000006   Code   RO         1262    .text               c_w.l(heapauxi.o)
    0x080004f8   0x080004f8   0x00000008   Code   RO         1290    .text               c_w.l(rt_heap_descriptor_intlibspace.o)
    0x08000500   0x08000500   0x00000004   Code   RO         1292    .text               c_w.l(hguard.o)
    0x08000504   0x08000504   0x0000008a   Code   RO         1294    .text               c_w.l(init_alloc.o)
    0x0800058e   0x0800058e   0x0000005e   Code   RO         1300    .text               c_w.l(h1_alloc.o)
    0x080005ec   0x080005ec   0x00000064   Code   RO         1312    .text               c_w.l(rt_memcpy_w.o)
    0x08000650   0x08000650   0x00000008   Code   RO         1329    .text               c_w.l(libspace.o)
    0x08000658   0x08000658   0x00000000   Code   RO         1349    .text               c_w.l(maybetermalloc1.o)
    0x08000658   0x08000658   0x0000000e   Code   RO         1351    .text               c_w.l(h1_init.o)
    0x08000666   0x08000666   0x00000034   Code   RO         1353    .text               c_w.l(h1_extend.o)
    0x0800069a   0x0800069a   0x0000000e   Code   RO         1359    .text               c_w.l(defsig_rtmem_outer.o)
    0x080006a8   0x080006a8   0x0000004a   Code   RO         1421    .text               c_w.l(sys_stackheap_outer.o)
    0x080006f2   0x080006f2   0x00000012   Code   RO         1429    .text               c_w.l(exit.o)
    0x08000704   0x08000704   0x0000000a   Code   RO         1431    .text               c_w.l(defsig_exit.o)
    0x0800070e   0x0800070e   0x00000002   PAD
    0x08000710   0x08000710   0x00000050   Code   RO         1437    .text               c_w.l(defsig_rtmem_inner.o)
    0x08000760   0x08000760   0x0000000c   Code   RO         1449    .text               c_w.l(sys_exit.o)
    0x0800076c   0x0800076c   0x00000002   Code   RO         1453    .text               c_w.l(use_no_semi.o)
    0x0800076e   0x0800076e   0x00000000   Code   RO         1455    .text               c_w.l(indicate_semi.o)
    0x0800076e   0x0800076e   0x00000032   Code   RO         1464    .text               c_w.l(defsig_general.o)
    0x080007a0   0x080007a0   0x0000000e   Code   RO         1488    .text               c_w.l(sys_wrch.o)
    0x080007ae   0x080007ae   0x00000002   PAD
    0x080007b0   0x080007b0   0x00000002   Code   RO          160    .text.BusFault_Handler  stm32f4xx_it.o
    0x080007b2   0x080007b2   0x00000002   PAD
    0x080007b4   0x080007b4   0x00000034   Code   RO          116    .text.CAN1_FilterInit  can.o
    0x080007e8   0x080007e8   0x0000000c   Code   RO          174    .text.CAN1_RX0_IRQHandler  stm32f4xx_it.o
    0x080007f4   0x080007f4   0x00000014   Code   RO          118    .text.CAN_TxheaderSetup  can.o
    0x08000808   0x08000808   0x0000000c   Code   RO          172    .text.DMA1_Stream5_IRQHandler  stm32f4xx_it.o
    0x08000814   0x08000814   0x00000002   Code   RO          166    .text.DebugMon_Handler  stm32f4xx_it.o
    0x08000816   0x08000816   0x00000002   PAD
    0x08000818   0x08000818   0x00000008   Code   RO          176    .text.EXTI15_10_IRQHandler  stm32f4xx_it.o
    0x08000820   0x08000820   0x00000006   Code   RO           80    .text.Error_Handler  main.o
    0x08000826   0x08000826   0x00000002   PAD
    0x08000828   0x08000828   0x0000002e   Code   RO          856    .text.HAL_CAN_ActivateNotification  stm32f4xx_hal_can.o
    0x08000856   0x08000856   0x00000002   PAD
    0x08000858   0x08000858   0x000000a8   Code   RO          842    .text.HAL_CAN_AddTxMessage  stm32f4xx_hal_can.o
    0x08000900   0x08000900   0x000000de   Code   RO          832    .text.HAL_CAN_ConfigFilter  stm32f4xx_hal_can.o
    0x080009de   0x080009de   0x00000002   PAD
    0x080009e0   0x080009e0   0x00000002   Code   RO          886    .text.HAL_CAN_ErrorCallback  stm32f4xx_hal_can.o
    0x080009e2   0x080009e2   0x00000002   PAD
    0x080009e4   0x080009e4   0x00000134   Code   RO          852    .text.HAL_CAN_GetRxMessage  stm32f4xx_hal_can.o
    0x08000b18   0x08000b18   0x0000025e   Code   RO          860    .text.HAL_CAN_IRQHandler  stm32f4xx_hal_can.o
    0x08000d76   0x08000d76   0x00000002   PAD
    0x08000d78   0x08000d78   0x000000f4   Code   RO          822    .text.HAL_CAN_Init  stm32f4xx_hal_can.o
    0x08000e6c   0x08000e6c   0x00000078   Code   RO          112    .text.HAL_CAN_MspInit  can.o
    0x08000ee4   0x08000ee4   0x00000002   Code   RO          874    .text.HAL_CAN_RxFifo0FullCallback  stm32f4xx_hal_can.o
    0x08000ee6   0x08000ee6   0x00000002   PAD
    0x08000ee8   0x08000ee8   0x00000112   Code   RO           82    .text.HAL_CAN_RxFifo0MsgPendingCallback  main.o
    0x08000ffa   0x08000ffa   0x00000002   PAD
    0x08000ffc   0x08000ffc   0x00000002   Code   RO          878    .text.HAL_CAN_RxFifo1FullCallback  stm32f4xx_hal_can.o
    0x08000ffe   0x08000ffe   0x00000002   PAD
    0x08001000   0x08001000   0x00000002   Code   RO          880    .text.HAL_CAN_RxFifo1MsgPendingCallback  stm32f4xx_hal_can.o
    0x08001002   0x08001002   0x00000002   PAD
    0x08001004   0x08001004   0x00000002   Code   RO          882    .text.HAL_CAN_SleepCallback  stm32f4xx_hal_can.o
    0x08001006   0x08001006   0x00000002   PAD
    0x08001008   0x08001008   0x0000005a   Code   RO          834    .text.HAL_CAN_Start  stm32f4xx_hal_can.o
    0x08001062   0x08001062   0x00000002   PAD
    0x08001064   0x08001064   0x00000002   Code   RO          864    .text.HAL_CAN_TxMailbox0AbortCallback  stm32f4xx_hal_can.o
    0x08001066   0x08001066   0x00000002   PAD
    0x08001068   0x08001068   0x00000002   Code   RO          862    .text.HAL_CAN_TxMailbox0CompleteCallback  stm32f4xx_hal_can.o
    0x0800106a   0x0800106a   0x00000002   PAD
    0x0800106c   0x0800106c   0x00000002   Code   RO          868    .text.HAL_CAN_TxMailbox1AbortCallback  stm32f4xx_hal_can.o
    0x0800106e   0x0800106e   0x00000002   PAD
    0x08001070   0x08001070   0x00000002   Code   RO          866    .text.HAL_CAN_TxMailbox1CompleteCallback  stm32f4xx_hal_can.o
    0x08001072   0x08001072   0x00000002   PAD
    0x08001074   0x08001074   0x00000002   Code   RO          872    .text.HAL_CAN_TxMailbox2AbortCallback  stm32f4xx_hal_can.o
    0x08001076   0x08001076   0x00000002   PAD
    0x08001078   0x08001078   0x00000002   Code   RO          870    .text.HAL_CAN_TxMailbox2CompleteCallback  stm32f4xx_hal_can.o
    0x0800107a   0x0800107a   0x00000002   PAD
    0x0800107c   0x0800107c   0x00000002   Code   RO          884    .text.HAL_CAN_WakeUpFromRxMsgCallback  stm32f4xx_hal_can.o
    0x0800107e   0x0800107e   0x00000002   PAD
    0x08001080   0x08001080   0x000001c0   Code   RO          603    .text.HAL_DMA_IRQHandler  stm32f4xx_hal_dma.o
    0x08001240   0x08001240   0x00000162   Code   RO          589    .text.HAL_DMA_Init  stm32f4xx_hal_dma.o
    0x080013a2   0x080013a2   0x00000002   PAD
    0x080013a4   0x080013a4   0x0000009e   Code   RO          595    .text.HAL_DMA_Start_IT  stm32f4xx_hal_dma.o
    0x08001442   0x08001442   0x00000002   PAD
    0x08001444   0x08001444   0x00000028   Code   RO          752    .text.HAL_Delay     stm32f4xx_hal.o
    0x0800146c   0x0800146c   0x00000002   Code   RO          565    .text.HAL_GPIO_EXTI_Callback  stm32f4xx_hal_gpio.o
    0x0800146e   0x0800146e   0x00000002   PAD
    0x08001470   0x08001470   0x00000016   Code   RO          563    .text.HAL_GPIO_EXTI_IRQHandler  stm32f4xx_hal_gpio.o
    0x08001486   0x08001486   0x00000002   PAD
    0x08001488   0x08001488   0x000001a6   Code   RO          551    .text.HAL_GPIO_Init  stm32f4xx_hal_gpio.o
    0x0800162e   0x0800162e   0x00000002   PAD
    0x08001630   0x08001630   0x0000000a   Code   RO          557    .text.HAL_GPIO_WritePin  stm32f4xx_hal_gpio.o
    0x0800163a   0x0800163a   0x00000002   PAD
    0x0800163c   0x0800163c   0x0000000c   Code   RO          744    .text.HAL_GetTick   stm32f4xx_hal.o
    0x08001648   0x08001648   0x00000008   Code   RO          217    .text.HAL_HCD_Connect_Callback  usbh_conf.o
    0x08001650   0x08001650   0x00000008   Code   RO          219    .text.HAL_HCD_Disconnect_Callback  usbh_conf.o
    0x08001658   0x08001658   0x00000006   Code   RO          323    .text.HAL_HCD_GetCurrentFrame  stm32f4xx_hal_hcd.o
    0x0800165e   0x0800165e   0x00000002   PAD
    0x08001660   0x08001660   0x00000006   Code   RO          325    .text.HAL_HCD_GetCurrentSpeed  stm32f4xx_hal_hcd.o
    0x08001666   0x08001666   0x00000002   PAD
    0x08001668   0x08001668   0x0000000e   Code   RO          317    .text.HAL_HCD_HC_GetURBState  stm32f4xx_hal_hcd.o
    0x08001676   0x08001676   0x00000002   PAD
    0x08001678   0x08001678   0x0000000c   Code   RO          319    .text.HAL_HCD_HC_GetXferCount  stm32f4xx_hal_hcd.o
    0x08001684   0x08001684   0x00000024   Code   RO          285    .text.HAL_HCD_HC_Halt  stm32f4xx_hal_hcd.o
    0x080016a8   0x080016a8   0x000000a0   Code   RO          281    .text.HAL_HCD_HC_Init  stm32f4xx_hal_hcd.o
    0x08001748   0x08001748   0x00000002   Code   RO          221    .text.HAL_HCD_HC_NotifyURBChange_Callback  usbh_conf.o
    0x0800174a   0x0800174a   0x00000002   PAD
    0x0800174c   0x0800174c   0x000000a8   Code   RO          291    .text.HAL_HCD_HC_SubmitRequest  stm32f4xx_hal_hcd.o
    0x080017f4   0x080017f4   0x00000930   Code   RO          293    .text.HAL_HCD_IRQHandler  stm32f4xx_hal_hcd.o
    0x08002124   0x08002124   0x00000094   Code   RO          277    .text.HAL_HCD_Init  stm32f4xx_hal_hcd.o
    0x080021b8   0x080021b8   0x00000098   Code   RO          211    .text.HAL_HCD_MspInit  usbh_conf.o
    0x08002250   0x08002250   0x00000008   Code   RO          225    .text.HAL_HCD_PortDisabled_Callback  usbh_conf.o
    0x08002258   0x08002258   0x00000008   Code   RO          223    .text.HAL_HCD_PortEnabled_Callback  usbh_conf.o
    0x08002260   0x08002260   0x00000006   Code   RO          313    .text.HAL_HCD_ResetPort  stm32f4xx_hal_hcd.o
    0x08002266   0x08002266   0x00000002   PAD
    0x08002268   0x08002268   0x00000008   Code   RO          215    .text.HAL_HCD_SOF_Callback  usbh_conf.o
    0x08002270   0x08002270   0x0000002c   Code   RO          309    .text.HAL_HCD_Start  stm32f4xx_hal_hcd.o
    0x0800229c   0x0800229c   0x00000024   Code   RO          311    .text.HAL_HCD_Stop  stm32f4xx_hal_hcd.o
    0x080022c0   0x080022c0   0x0000001a   Code   RO          742    .text.HAL_IncTick   stm32f4xx_hal.o
    0x080022da   0x080022da   0x00000002   PAD
    0x080022dc   0x080022dc   0x00000036   Code   RO          732    .text.HAL_Init      stm32f4xx_hal.o
    0x08002312   0x08002312   0x00000002   PAD
    0x08002314   0x08002314   0x00000048   Code   RO          734    .text.HAL_InitTick  stm32f4xx_hal.o
    0x0800235c   0x0800235c   0x0000003c   Code   RO          187    .text.HAL_MspInit   stm32f4xx_hal_msp.o
    0x08002398   0x08002398   0x00000026   Code   RO          688    .text.HAL_NVIC_EnableIRQ  stm32f4xx_hal_cortex.o
    0x080023be   0x080023be   0x00000002   PAD
    0x080023c0   0x080023c0   0x00000056   Code   RO          686    .text.HAL_NVIC_SetPriority  stm32f4xx_hal_cortex.o
    0x08002416   0x08002416   0x00000002   PAD
    0x08002418   0x08002418   0x00000020   Code   RO          684    .text.HAL_NVIC_SetPriorityGrouping  stm32f4xx_hal_cortex.o
    0x08002438   0x08002438   0x00000160   Code   RO          445    .text.HAL_RCC_ClockConfig  stm32f4xx_hal_rcc.o
    0x08002598   0x08002598   0x00000026   Code   RO          457    .text.HAL_RCC_GetPCLK1Freq  stm32f4xx_hal_rcc.o
    0x080025be   0x080025be   0x00000002   PAD
    0x080025c0   0x080025c0   0x00000026   Code   RO          459    .text.HAL_RCC_GetPCLK2Freq  stm32f4xx_hal_rcc.o
    0x080025e6   0x080025e6   0x00000002   PAD
    0x080025e8   0x080025e8   0x0000006c   Code   RO          447    .text.HAL_RCC_GetSysClockFreq  stm32f4xx_hal_rcc.o
    0x08002654   0x08002654   0x00000374   Code   RO          443    .text.HAL_RCC_OscConfig  stm32f4xx_hal_rcc.o
    0x080029c8   0x080029c8   0x0000002c   Code   RO          696    .text.HAL_SYSTICK_Config  stm32f4xx_hal_cortex.o
    0x080029f4   0x080029f4   0x00000002   Code   RO          990    .text.HAL_UARTEx_RxEventCallback  stm32f4xx_hal_uart.o
    0x080029f6   0x080029f6   0x00000002   PAD
    0x080029f8   0x080029f8   0x00000002   Code   RO          988    .text.HAL_UART_ErrorCallback  stm32f4xx_hal_uart.o
    0x080029fa   0x080029fa   0x00000002   PAD
    0x080029fc   0x080029fc   0x00000060   Code   RO          904    .text.HAL_UART_Init  stm32f4xx_hal_uart.o
    0x08002a5c   0x08002a5c   0x000000a6   Code   RO          140    .text.HAL_UART_MspInit  usart.o
    0x08002b02   0x08002b02   0x00000002   PAD
    0x08002b04   0x08002b04   0x00000160   Code   RO          938    .text.HAL_UART_Receive_DMA  stm32f4xx_hal_uart.o
    0x08002c64   0x08002c64   0x0000001e   Code   RO           86    .text.HAL_UART_RxCpltCallback  main.o
    0x08002c82   0x08002c82   0x00000002   PAD
    0x08002c84   0x08002c84   0x00000002   Code   RO          998    .text.HAL_UART_RxHalfCpltCallback  stm32f4xx_hal_uart.o
    0x08002c86   0x08002c86   0x00000002   PAD
    0x08002c88   0x08002c88   0x00000178   Code   RO          920    .text.HAL_UART_Transmit  stm32f4xx_hal_uart.o
    0x08002e00   0x08002e00   0x00000002   Code   RO          156    .text.HardFault_Handler  stm32f4xx_it.o
    0x08002e02   0x08002e02   0x00000002   PAD
    0x08002e04   0x08002e04   0x00000040   Code   RO          110    .text.MX_CAN1_Init  can.o
    0x08002e44   0x08002e44   0x00000038   Code   RO          129    .text.MX_DMA_Init   dma.o
    0x08002e7c   0x08002e7c   0x00000018   Code   RO          268    .text.MX_DriverVbusFS  usbh_platform.o
    0x08002e94   0x08002e94   0x0000021a   Code   RO          101    .text.MX_GPIO_Init  gpio.o
    0x080030ae   0x080030ae   0x00000002   PAD
    0x080030b0   0x080030b0   0x00000040   Code   RO          138    .text.MX_USART2_UART_Init  usart.o
    0x080030f0   0x080030f0   0x00000056   Code   RO          195    .text.MX_USB_HOST_Init  usb_host.o
    0x08003146   0x08003146   0x00000002   PAD
    0x08003148   0x08003148   0x0000000c   Code   RO          199    .text.MX_USB_HOST_Process  usb_host.o
    0x08003154   0x08003154   0x00000002   Code   RO          158    .text.MemManage_Handler  stm32f4xx_it.o
    0x08003156   0x08003156   0x00000002   PAD
    0x08003158   0x08003158   0x00000002   Code   RO          154    .text.NMI_Handler   stm32f4xx_it.o
    0x0800315a   0x0800315a   0x00000002   PAD
    0x0800315c   0x0800315c   0x0000000c   Code   RO          178    .text.OTG_FS_IRQHandler  stm32f4xx_it.o
    0x08003168   0x08003168   0x00000002   Code   RO          168    .text.PendSV_Handler  stm32f4xx_it.o
    0x0800316a   0x0800316a   0x00000002   PAD
    0x0800316c   0x0800316c   0x00000002   Code   RO          164    .text.SVC_Handler   stm32f4xx_it.o
    0x0800316e   0x0800316e   0x00000002   PAD
    0x08003170   0x08003170   0x00000004   Code   RO          170    .text.SysTick_Handler  stm32f4xx_it.o
    0x08003174   0x08003174   0x000000ac   Code   RO           78    .text.SystemClock_Config  main.o
    0x08003220   0x08003220   0x00000012   Code   RO         1026    .text.SystemInit    system_stm32f4xx.o
    0x08003232   0x08003232   0x00000002   PAD
    0x08003234   0x08003234   0x0000017c   Code   RO          936    .text.UART_DMAError  stm32f4xx_hal_uart.o
    0x080033b0   0x080033b0   0x0000015e   Code   RO         1014    .text.UART_DMAReceiveCplt  stm32f4xx_hal_uart.o
    0x0800350e   0x0800350e   0x00000002   PAD
    0x08003510   0x08003510   0x00000018   Code   RO         1016    .text.UART_DMARxHalfCplt  stm32f4xx_hal_uart.o
    0x08003528   0x08003528   0x000000ee   Code   RO          908    .text.UART_SetConfig  stm32f4xx_hal_uart.o
    0x08003616   0x08003616   0x00000002   PAD
    0x08003618   0x08003618   0x000000d2   Code   RO         1145    .text.USBH_AllocPipe  usbh_pipes.o
    0x080036ea   0x080036ea   0x00000002   PAD
    0x080036ec   0x080036ec   0x00000028   Code   RO         1123    .text.USBH_BulkReceiveData  usbh_ioreq.o
    0x08003714   0x08003714   0x00000032   Code   RO         1121    .text.USBH_BulkSendData  usbh_ioreq.o
    0x08003746   0x08003746   0x00000002   PAD
    0x08003748   0x08003748   0x0000003e   Code   RO         1161    .text.USBH_CDC_ClassRequest  usbh_cdc.o
    0x08003786   0x08003786   0x00000002   PAD
    0x08003788   0x08003788   0x00000064   Code   RO         1159    .text.USBH_CDC_InterfaceDeInit  usbh_cdc.o
    0x080037ec   0x080037ec   0x0000015e   Code   RO         1157    .text.USBH_CDC_InterfaceInit  usbh_cdc.o
    0x0800394a   0x0800394a   0x00000002   PAD
    0x0800394c   0x0800394c   0x00000002   Code   RO         1183    .text.USBH_CDC_LineCodingChanged  usbh_cdc.o
    0x0800394e   0x0800394e   0x00000002   PAD
    0x08003950   0x08003950   0x000001ac   Code   RO         1163    .text.USBH_CDC_Process  usbh_cdc.o
    0x08003afc   0x08003afc   0x00000002   Code   RO         1181    .text.USBH_CDC_ReceiveCallback  usbh_cdc.o
    0x08003afe   0x08003afe   0x00000002   PAD
    0x08003b00   0x08003b00   0x00000004   Code   RO         1165    .text.USBH_CDC_SOFProcess  usbh_cdc.o
    0x08003b04   0x08003b04   0x00000002   Code   RO         1179    .text.USBH_CDC_TransmitCallback  usbh_cdc.o
    0x08003b06   0x08003b06   0x00000002   PAD
    0x08003b08   0x08003b08   0x0000000a   Code   RO         1143    .text.USBH_ClosePipe  usbh_pipes.o
    0x08003b12   0x08003b12   0x00000002   PAD
    0x08003b14   0x08003b14   0x0000001a   Code   RO         1103    .text.USBH_ClrFeature  usbh_ctlreq.o
    0x08003b2e   0x08003b2e   0x00000002   PAD
    0x08003b30   0x08003b30   0x00000028   Code   RO         1119    .text.USBH_CtlReceiveData  usbh_ioreq.o
    0x08003b58   0x08003b58   0x000001f8   Code   RO         1093    .text.USBH_CtlReq   usbh_ctlreq.o
    0x08003d50   0x08003d50   0x00000032   Code   RO         1117    .text.USBH_CtlSendData  usbh_ioreq.o
    0x08003d82   0x08003d82   0x00000002   PAD
    0x08003d84   0x08003d84   0x00000024   Code   RO         1115    .text.USBH_CtlSendSetup  usbh_ioreq.o
    0x08003da8   0x08003da8   0x00000004   Code   RO          257    .text.USBH_Delay    usbh_conf.o
    0x08003dac   0x08003dac   0x00000112   Code   RO         1051    .text.USBH_FindInterface  usbh_core.o
    0x08003ebe   0x08003ebe   0x00000002   PAD
    0x08003ec0   0x08003ec0   0x00000018   Code   RO         1147    .text.USBH_FreePipe  usbh_pipes.o
    0x08003ed8   0x08003ed8   0x0000028a   Code   RO         1089    .text.USBH_Get_CfgDesc  usbh_ctlreq.o
    0x08004162   0x08004162   0x00000002   PAD
    0x08004164   0x08004164   0x000000ba   Code   RO         1085    .text.USBH_Get_DevDesc  usbh_ctlreq.o
    0x0800421e   0x0800421e   0x00000002   PAD
    0x08004220   0x08004220   0x000000b8   Code   RO         1091    .text.USBH_Get_StringDesc  usbh_ctlreq.o
    0x080042d8   0x080042d8   0x00000076   Code   RO         1041    .text.USBH_Init     usbh_core.o
    0x0800434e   0x0800434e   0x00000002   PAD
    0x08004350   0x08004350   0x00000022   Code   RO          245    .text.USBH_LL_ClosePipe  usbh_conf.o
    0x08004372   0x08004372   0x00000002   PAD
    0x08004374   0x08004374   0x00000016   Code   RO         1073    .text.USBH_LL_Connect  usbh_core.o
    0x0800438a   0x0800438a   0x00000002   PAD
    0x0800438c   0x0800438c   0x0000002e   Code   RO         1075    .text.USBH_LL_Disconnect  usbh_core.o
    0x080043ba   0x080043ba   0x00000002   PAD
    0x080043bc   0x080043bc   0x0000001a   Code   RO          251    .text.USBH_LL_DriverVBUS  usbh_conf.o
    0x080043d6   0x080043d6   0x00000002   PAD
    0x080043d8   0x080043d8   0x00000008   Code   RO          241    .text.USBH_LL_GetLastXferSize  usbh_conf.o
    0x080043e0   0x080043e0   0x00000014   Code   RO          237    .text.USBH_LL_GetSpeed  usbh_conf.o
    0x080043f4   0x080043f4   0x00000008   Code   RO          249    .text.USBH_LL_GetURBState  usbh_conf.o
    0x080043fc   0x080043fc   0x0000001e   Code   RO         1067    .text.USBH_LL_IncTimer  usbh_core.o
    0x0800441a   0x0800441a   0x00000002   PAD
    0x0800441c   0x0800441c   0x00000056   Code   RO          227    .text.USBH_LL_Init  usbh_conf.o
    0x08004472   0x08004472   0x00000002   PAD
    0x08004474   0x08004474   0x00000032   Code   RO          243    .text.USBH_LL_OpenPipe  usbh_conf.o
    0x080044a6   0x080044a6   0x00000002   PAD
    0x080044a8   0x080044a8   0x00000008   Code   RO         1071    .text.USBH_LL_PortDisabled  usbh_core.o
    0x080044b0   0x080044b0   0x00000008   Code   RO         1069    .text.USBH_LL_PortEnabled  usbh_core.o
    0x080044b8   0x080044b8   0x00000022   Code   RO          239    .text.USBH_LL_ResetPort  usbh_conf.o
    0x080044da   0x080044da   0x00000002   PAD
    0x080044dc   0x080044dc   0x00000006   Code   RO         1065    .text.USBH_LL_SetTimer  usbh_core.o
    0x080044e2   0x080044e2   0x00000002   PAD
    0x080044e4   0x080044e4   0x0000001e   Code   RO          253    .text.USBH_LL_SetToggle  usbh_conf.o
    0x08004502   0x08004502   0x00000002   PAD
    0x08004504   0x08004504   0x00000022   Code   RO          233    .text.USBH_LL_Start  usbh_conf.o
    0x08004526   0x08004526   0x00000002   PAD
    0x08004528   0x08004528   0x00000022   Code   RO          235    .text.USBH_LL_Stop  usbh_conf.o
    0x0800454a   0x0800454a   0x00000002   PAD
    0x0800454c   0x0800454c   0x00000036   Code   RO          247    .text.USBH_LL_SubmitURB  usbh_conf.o
    0x08004582   0x08004582   0x00000002   PAD
    0x08004584   0x08004584   0x0000001a   Code   RO         1141    .text.USBH_OpenPipe  usbh_pipes.o
    0x0800459e   0x0800459e   0x00000002   PAD
    0x080045a0   0x080045a0   0x000004c4   Code   RO         1063    .text.USBH_Process  usbh_core.o
    0x08004a64   0x08004a64   0x0000001a   Code   RO         1045    .text.USBH_RegisterClass  usbh_core.o
    0x08004a7e   0x08004a7e   0x00000002   PAD
    0x08004a80   0x08004a80   0x00000012   Code   RO         1047    .text.USBH_SelectInterface  usbh_core.o
    0x08004a92   0x08004a92   0x00000002   PAD
    0x08004a94   0x08004a94   0x0000001a   Code   RO         1095    .text.USBH_SetAddress  usbh_ctlreq.o
    0x08004aae   0x08004aae   0x00000002   PAD
    0x08004ab0   0x08004ab0   0x0000001a   Code   RO         1097    .text.USBH_SetCfg   usbh_ctlreq.o
    0x08004aca   0x08004aca   0x00000002   PAD
    0x08004acc   0x08004acc   0x0000001a   Code   RO         1101    .text.USBH_SetFeature  usbh_ctlreq.o
    0x08004ae6   0x08004ae6   0x00000002   PAD
    0x08004ae8   0x08004ae8   0x00000014   Code   RO         1055    .text.USBH_Start    usbh_core.o
    0x08004afc   0x08004afc   0x0000003a   Code   RO          197    .text.USBH_UserProcess  usb_host.o
    0x08004b36   0x08004b36   0x00000002   PAD
    0x08004b38   0x08004b38   0x00000212   Code   RO          337    .text.USB_CoreInit  stm32f4xx_ll_usb.o
    0x08004d4a   0x08004d4a   0x00000002   PAD
    0x08004d4c   0x08004d4c   0x0000000e   Code   RO          343    .text.USB_DisableGlobalInt  stm32f4xx_ll_usb.o
    0x08004d5a   0x08004d5a   0x00000002   PAD
    0x08004d5c   0x08004d5c   0x0000004c   Code   RO          411    .text.USB_DriveVbus  stm32f4xx_ll_usb.o
    0x08004da8   0x08004da8   0x0000000e   Code   RO          341    .text.USB_EnableGlobalInt  stm32f4xx_ll_usb.o
    0x08004db6   0x08004db6   0x00000002   PAD
    0x08004db8   0x08004db8   0x000000be   Code   RO          355    .text.USB_FlushRxFifo  stm32f4xx_ll_usb.o
    0x08004e76   0x08004e76   0x00000002   PAD
    0x08004e78   0x08004e78   0x000000be   Code   RO          353    .text.USB_FlushTxFifo  stm32f4xx_ll_usb.o
    0x08004f36   0x08004f36   0x00000002   PAD
    0x08004f38   0x08004f38   0x00000008   Code   RO          415    .text.USB_GetCurrentFrame  stm32f4xx_ll_usb.o
    0x08004f40   0x08004f40   0x00000016   Code   RO          413    .text.USB_GetHostSpeed  stm32f4xx_ll_usb.o
    0x08004f56   0x08004f56   0x00000002   PAD
    0x08004f58   0x08004f58   0x00000008   Code   RO          347    .text.USB_GetMode   stm32f4xx_ll_usb.o
    0x08004f60   0x08004f60   0x00000152   Code   RO          425    .text.USB_HC_Halt   stm32f4xx_ll_usb.o
    0x080050b2   0x080050b2   0x00000002   PAD
    0x080050b4   0x080050b4   0x00000122   Code   RO          417    .text.USB_HC_Init   stm32f4xx_ll_usb.o
    0x080051d6   0x080051d6   0x00000002   PAD
    0x080051d8   0x080051d8   0x00000008   Code   RO          423    .text.USB_HC_ReadInterrupt  stm32f4xx_ll_usb.o
    0x080051e0   0x080051e0   0x000002f8   Code   RO          419    .text.USB_HC_StartXfer  stm32f4xx_ll_usb.o
    0x080054d8   0x080054d8   0x000002dc   Code   RO          405    .text.USB_HostInit  stm32f4xx_ll_usb.o
    0x080057b4   0x080057b4   0x00000040   Code   RO          407    .text.USB_InitFSLSPClkSel  stm32f4xx_ll_usb.o
    0x080057f4   0x080057f4   0x00000010   Code   RO          389    .text.USB_ReadChInterrupts  stm32f4xx_ll_usb.o
    0x08005804   0x08005804   0x00000008   Code   RO          387    .text.USB_ReadInterrupts  stm32f4xx_ll_usb.o
    0x0800580c   0x0800580c   0x000000aa   Code   RO          373    .text.USB_ReadPacket  stm32f4xx_ll_usb.o
    0x080058b6   0x080058b6   0x00000002   PAD
    0x080058b8   0x080058b8   0x0000003e   Code   RO          409    .text.USB_ResetPort  stm32f4xx_ll_usb.o
    0x080058f6   0x080058f6   0x00000002   PAD
    0x080058f8   0x080058f8   0x00000368   Code   RO          345    .text.USB_SetCurrentMode  stm32f4xx_ll_usb.o
    0x08005c60   0x08005c60   0x00000938   Code   RO          427    .text.USB_StopHost  stm32f4xx_ll_usb.o
    0x08006598   0x08006598   0x00000002   Code   RO          162    .text.UsageFault_Handler  stm32f4xx_it.o
    0x0800659a   0x0800659a   0x00000002   PAD
    0x0800659c   0x0800659c   0x000001c6   Code   RO           53    .text.checkServoResponse  my_dynamixel.o
    0x08006762   0x08006762   0x00000002   PAD
    0x08006764   0x08006764   0x00000002   Code   RO           59    .text.disable_all_IT  my_dynamixel.o
    0x08006766   0x08006766   0x00000002   PAD
    0x08006768   0x08006768   0x000000e2   Code   RO           19    .text.dualTransferServo  my_dynamixel.o
    0x0800684a   0x0800684a   0x00000002   PAD
    0x0800684c   0x0800684c   0x00000002   Code   RO           61    .text.enable_all_IT  my_dynamixel.o
    0x0800684e   0x0800684e   0x00000002   PAD
    0x08006850   0x08006850   0x0000004c   Code   RO           35    .text.getServo_BaudRate  my_dynamixel.o
    0x0800689c   0x0800689c   0x0000002a   Code   RO           49    .text.getServo_OperatingMode  my_dynamixel.o
    0x080068c6   0x080068c6   0x00000002   PAD
    0x080068c8   0x080068c8   0x00000034   Code   RO           41    .text.getServo_PresentCurrent  my_dynamixel.o
    0x080068fc   0x080068fc   0x00000042   Code   RO           47    .text.getServo_PresentPosition  my_dynamixel.o
    0x0800693e   0x0800693e   0x00000002   PAD
    0x08006940   0x08006940   0x0000002a   Code   RO           39    .text.getServo_TorqueENA  my_dynamixel.o
    0x0800696a   0x0800696a   0x00000006   PAD
    0x08006970   0x08006970   0x000005f8   Code   RO           76    .text.main          main.o
    0x08006f68   0x08006f68   0x00000126   Code   RO           15    .text.sendServoCommand  my_dynamixel.o
    0x0800708e   0x0800708e   0x00000002   PAD
    0x08007090   0x08007090   0x00000006   Code   RO           11    .text.setServoResponse_RxFinished  my_dynamixel.o
    0x08007096   0x08007096   0x00000002   PAD
    0x08007098   0x08007098   0x00000028   Code   RO           29    .text.setServo_GoalCurrent  my_dynamixel.o
    0x080070c0   0x080070c0   0x00000054   Code   RO           31    .text.setServo_GoalPosition  my_dynamixel.o
    0x08007114   0x08007114   0x00000026   Code   RO           25    .text.setServo_OperatingMode  my_dynamixel.o
    0x0800713a   0x0800713a   0x00000002   PAD
    0x0800713c   0x0800713c   0x00000026   Code   RO           27    .text.setServo_TorqueENA  my_dynamixel.o
    0x08007162   0x08007162   0x00000002   PAD
    0x08007164   0x08007164   0x00000062   Code   RO         1266    x$fpl$d2f           fz_wm.l(d2f.o)
    0x080071c6   0x080071c6   0x00000002   PAD
    0x080071c8   0x080071c8   0x00000150   Code   RO         1268    x$fpl$dadd          fz_wm.l(daddsub_clz.o)
    0x08007318   0x08007318   0x00000018   Code   RO         1415    x$fpl$dcmpinf       fz_wm.l(dcmpi.o)
    0x08007330   0x08007330   0x00000078   Code   RO         1314    x$fpl$deqf          fz_wm.l(deqf.o)
    0x080073a8   0x080073a8   0x00000078   Code   RO         1316    x$fpl$dgeqf         fz_wm.l(dgeqf.o)
    0x08007420   0x08007420   0x00000078   Code   RO         1318    x$fpl$dleqf         fz_wm.l(dleqf.o)
    0x08007498   0x08007498   0x00000154   Code   RO         1276    x$fpl$dmul          fz_wm.l(dmul.o)
    0x080075ec   0x080075ec   0x0000009c   Code   RO         1320    x$fpl$dnaninf       fz_wm.l(dnaninf.o)
    0x08007688   0x08007688   0x0000000c   Code   RO         1322    x$fpl$dretinf       fz_wm.l(dretinf.o)
    0x08007694   0x08007694   0x000001dc   Code   RO         1270    x$fpl$dsub          fz_wm.l(daddsub_clz.o)
    0x08007870   0x08007870   0x00000056   Code   RO         1278    x$fpl$f2d           fz_wm.l(f2d.o)
    0x080078c6   0x080078c6   0x00000054   Code   RO         1274    x$fpl$fcmp          fz_wm.l(dcmp.o)
    0x0800791a   0x0800791a   0x0000008c   Code   RO         1324    x$fpl$fnaninf       fz_wm.l(fnaninf.o)
    0x080079a6   0x080079a6   0x0000001a   Code   RO         1447    x$fpl$fpinit        fz_wm.l(fpinit.o)
    0x080079c0   0x080079c0   0x0000000a   Code   RO         1326    x$fpl$fretinf       fz_wm.l(fretinf.o)
    0x080079ca   0x080079ca   0x00000000   Code   RO         1328    x$fpl$usenofp       fz_wm.l(usenofp.o)
    0x080079ca   0x080079ca   0x00000010   Data   RO         1031    .rodata.AHBPrescTable  system_stm32f4xx.o
    0x080079da   0x080079da   0x00000008   Data   RO         1032    .rodata.APBPrescTable  system_stm32f4xx.o
    0x080079e2   0x080079e2   0x00000008   Data   RO          613    .rodata.cst8        stm32f4xx_hal_dma.o
    0x080079ea   0x080079ea   0x00000004   Data   RO         1185    .rodata.str1.1      usbh_cdc.o
    0x080079ee   0x080079ee   0x00000200   Data   RO           63    .rodata.updateCRC.crc_table  my_dynamixel.o
    0x08007bee   0x08007bee   0x00000002   PAD
    0x08007bf0   0x08007bf0   0x00000020   Data   RO         1519    Region$$Table       anon$$obj.o


    Execution Region RW_IRAM1 (Exec base: 0x20000000, Load base: 0x08007c10, Size: 0x00000fe0, Max: 0x0001c000, ABSOLUTE)

    Exec Addr    Load Addr    Size         Type   Attr      Idx    E Section Name        Object

    0x20000000   0x08007c10   0x00000008   Data   RW          787    .data..L_MergedGlobals  stm32f4xx_hal.o
    0x20000008   0x08007c18   0x00000020   Data   RW         1186    .data.CDC_Class     usbh_cdc.o
    0x20000028   0x08007c38   0x00000004   Data   RW         1030    .data.SystemCoreClock  system_stm32f4xx.o
    0x2000002c   0x08007c3c   0x00000002   Data   RW           88    .data.goalCur       main.o
    0x2000002e   0x08007c3e   0x00000002   PAD
    0x20000030        -       0x00000060   Zero   RW         1330    .bss                c_w.l(libspace.o)
    0x20000090        -       0x00000074   Zero   RW           92    .bss..L_MergedGlobals  main.o
    0x20000104        -       0x00000001   Zero   RW          201    .bss.Appli_state    usb_host.o
    0x20000105   0x08007c3e   0x00000003   PAD
    0x20000108        -       0x000003d8   Zero   RW          202    .bss.hUsbHostFS     usb_host.o
    0x200004e0        -       0x00000028   Zero   RW          120    .bss.hcan1          can.o
    0x20000508        -       0x00000060   Zero   RW          145    .bss.hdma_usart2_rx  usart.o
    0x20000568        -       0x000003e0   Zero   RW          259    .bss.hhcd_USB_OTG_FS  usbh_conf.o
    0x20000948        -       0x00000048   Zero   RW          144    .bss.huart2         usart.o
    0x20000990        -       0x00000048   Zero   RW           89    .bss.myServo        main.o
    0x200009d8        -       0x00000004   Zero   RW          786    .bss.uwTick         stm32f4xx_hal.o
    0x200009dc   0x08007c3e   0x00000004   PAD
    0x200009e0        -       0x00000200   Zero   RW            2    HEAP                startup_stm32f407xx.o
    0x20000be0        -       0x00000400   Zero   RW            1    STACK               startup_stm32f407xx.o


    Execution Region RW_IRAM2 (Exec base: 0x2001c000, Load base: 0x08007c40, Size: 0x00000000, Max: 0x00004000, ABSOLUTE)

    **** No section assigned to this execution region ****


==============================================================================

Image component sizes


      Code (inc. data)   RO Data    RW Data    ZI Data      Debug   Object Name

       256          0          0          0         40       7408   can.o
        56          0          0          0          0       3512   dma.o
       538          0          0          0          0       4403   gpio.o
      2010         72          0          2        188      12776   main.o
      1462         20        512          0          0      15487   my_dynamixel.o
        64         26        392          0       1536        896   startup_stm32f407xx.o
       204          0          0          8          4       7344   stm32f4xx_hal.o
      1708          6          0          0          0      13876   stm32f4xx_hal_can.o
       200          0          0          0          0      10668   stm32f4xx_hal_cortex.o
       960          6          8          0          0      10647   stm32f4xx_hal_dma.o
       456          0          0          0          0       5306   stm32f4xx_hal_gpio.o
      2988         38          0          0          0      15219   stm32f4xx_hal_hcd.o
        60          0          0          0          0       1655   stm32f4xx_hal_msp.o
      1420          0          0          0          0       7471   stm32f4xx_hal_rcc.o
      1822          0          0          0          0      31877   stm32f4xx_hal_uart.o
        64          0          0          0          0       7327   stm32f4xx_it.o
      6732         24          0          0          0      35588   stm32f4xx_ll_usb.o
        18          0         24          4          0       2696   system_stm32f4xx.o
       230          0          0          0        168       5214   usart.o
       156          0          0          0        985       5846   usb_host.o
       950          8          4         32          0      13039   usbh_cdc.o
       616          0          0          0        992      18155   usbh_conf.o
      1796         40          0          0          0      12560   usbh_core.o
      1628         30          0          0          0      14443   usbh_ctlreq.o
       216          0          0          0          0       8231   usbh_ioreq.o
       270          0          0          0          0       6661   usbh_pipes.o
        24          0          0          0          0       1423   usbh_platform.o

    ----------------------------------------------------------------------
     27124        270        974         48       3920     279728   Object Totals
         0          0         32          0          0          0   (incl. Generated)
       220          0          2          2          7          0   (incl. Padding)

    ----------------------------------------------------------------------

      Code (inc. data)   RO Data    RW Data    ZI Data      Debug   Library Member Name

         8          0          0          0          0         68   __main.o
         0          0          0          0          0          0   __rtentry.o
        12          0          0          0          0          0   __rtentry2.o
         6          0          0          0          0          0   __rtentry4.o
        52          8          0          0          0          0   __scatter.o
        26          0          0          0          0          0   __scatter_copy.o
        28          0          0          0          0          0   __scatter_zi.o
        40          0          0          0          0         80   calloc.o
        10          0          0          0          0         68   defsig_exit.o
        50          0          0          0          0         88   defsig_general.o
        80         58          0          0          0         76   defsig_rtmem_inner.o
        14          0          0          0          0         80   defsig_rtmem_outer.o
        18          0          0          0          0         80   exit.o
        94          0          0          0          0         80   h1_alloc.o
        52          0          0          0          0         68   h1_extend.o
        78          0          0          0          0         80   h1_free.o
        14          0          0          0          0         84   h1_init.o
         6          0          0          0          0        152   heapauxi.o
         4          0          0          0          0        136   hguard.o
         0          0          0          0          0          0   indicate_semi.o
       138          0          0          0          0        168   init_alloc.o
         2          0          0          0          0          0   libinit.o
        14          0          0          0          0          0   libinit2.o
         2          0          0          0          0          0   libshutdown.o
         2          0          0          0          0          0   libshutdown2.o
         8          4          0          0         96         68   libspace.o
       240          0          0          0          0        100   lludivv7m.o
         0          0          0          0          0          0   maybetermalloc1.o
         8          4          0          0          0         68   rt_heap_descriptor_intlibspace.o
        68          0          0          0          0         68   rt_memclr.o
        78          0          0          0          0         80   rt_memclr_w.o
       138          0          0          0          0         68   rt_memcpy_v6.o
       100          0          0          0          0         80   rt_memcpy_w.o
         2          0          0          0          0          0   rtexit.o
        10          0          0          0          0          0   rtexit2.o
        12          4          0          0          0         68   sys_exit.o
        74          0          0          0          0         80   sys_stackheap_outer.o
        14          0          0          0          0         76   sys_wrch.o
         2          0          0          0          0         68   use_no_semi.o
        98          4          0          0          0        140   d2f.o
       812         16          0          0          0        392   daddsub_clz.o
        84          0          0          0          0        244   dcmp.o
        24          0          0          0          0        116   dcmpi.o
       120          4          0          0          0        140   deqf.o
       120          4          0          0          0        140   dgeqf.o
       120          4          0          0          0        140   dleqf.o
       340         12          0          0          0        152   dmul.o
       156          4          0          0          0        140   dnaninf.o
        12          0          0          0          0        116   dretinf.o
        86          4          0          0          0        132   f2d.o
       140          4          0          0          0        132   fnaninf.o
        26          0          0          0          0        116   fpinit.o
        10          0          0          0          0        116   fretinf.o
         0          0          0          0          0          0   usenofp.o

    ----------------------------------------------------------------------
      3662        134          0          0         96       4348   Library Totals
        10          0          0          0          0          0   (incl. Padding)

    ----------------------------------------------------------------------

      Code (inc. data)   RO Data    RW Data    ZI Data      Debug   Library Name

      1504         78          0          0         96       2132   c_w.l
      2148         56          0          0          0       2216   fz_wm.l

    ----------------------------------------------------------------------
      3662        134          0          0         96       4348   Library Totals

    ----------------------------------------------------------------------

==============================================================================


      Code (inc. data)   RO Data    RW Data    ZI Data      Debug   

     30786        404        974         48       4016     281032   Grand Totals
     30786        404        974         48       4016     281032   ELF Image Totals
     30786        404        974         48          0          0   ROM Totals

==============================================================================

    Total RO  Size (Code + RO Data)                31760 (  31.02kB)
    Total RW  Size (RW Data + ZI Data)              4064 (   3.97kB)
    Total ROM Size (Code + RO Data + RW Data)      31808 (  31.06kB)

==============================================================================

